#
# There is insufficient memory for the Java Runtime Environment to continue.
# Native memory allocation (mmap) failed to map 2097152 bytes for G1 virtual space
# Possible reasons:
#   The system is out of physical RAM or swap space
#   The process is running with CompressedOops enabled, and the Java Heap may be blocking the growth of the native heap
# Possible solutions:
#   Reduce memory load on the system
#   Increase physical memory or swap space
#   Check if swap backing store is full
#   Decrease Java heap size (-Xmx/-Xms)
#   Decrease number of Java threads
#   Decrease Java thread stack sizes (-Xss)
#   Set larger code cache with -XX:ReservedCodeCacheSize=
#   JVM is running with Zero Based Compressed Oops mode in which the Java heap is
#     placed in the first 32GB address space. The Java Heap base address is the
#     maximum limit for the native heap growth. Please use -XX:HeapBaseMinAddress
#     to set the Java Heap base and to place the Java Heap above 32GB virtual address.
# This output file may be truncated or incomplete.
#
#  Out of Memory Error (os_windows.cpp:3548), pid=3836, tid=26908
#
# JRE version: Java(TM) SE Runtime Environment (17.0.12+8) (build 17.0.12+8-LTS-286)
# Java VM: Java HotSpot(TM) 64-Bit Server VM (17.0.12+8-LTS-286, mixed mode, emulated-client, sharing, tiered, compressed oops, compressed class ptrs, g1 gc, windows-amd64)
# No core dump will be written. Minidumps are not enabled by default on client versions of Windows
#

---------------  S U M M A R Y ------------

Command Line: -Dfile.encoding-UTF8 -Dspring.jmx.enabled=true -Dmanagement.endpoints.jmx.exposure.include=* -Dspring.application.admin.enabled=true -Dspring.output.ansi.enabled=always -XX:TieredStopAtLevel=1 -Dspring.boot.project.name=asm_gstn_return_db_store6_pre3 -Dfile.encoding=UTF-8 -Dstdout.encoding=UTF-8 -Dstderr.encoding=UTF-8 -XX:+ShowCodeDetailsInExceptionMessages com.deloitte.AsmEwayBillApplication

Host: 13th Gen Intel(R) Core(TM) i5-13500, 20 cores, 15G,  Windows 11 , 64 bit Build 22621 (10.0.22621.3672)
Time: Wed Aug 19 18:23:46 2026 India Standard Time elapsed time: 10.385827 seconds (0d 0h 0m 10s)

---------------  T H R E A D  ---------------

Current thread (0x000001a2e3c46430):  GCTaskThread "GC Thread#4" [stack: 0x0000006fc3300000,0x0000006fc3400000] [id=26908]

Stack: [0x0000006fc3300000,0x0000006fc3400000]
Native frames: (J=compiled Java code, j=interpreted, Vv=VM code, C=native code)
V  [jvm.dll+0x67a04a]
V  [jvm.dll+0x7da4ed]
V  [jvm.dll+0x7dbe33]
V  [jvm.dll+0x7dc4a3]
V  [jvm.dll+0x24508f]
V  [jvm.dll+0x677089]
V  [jvm.dll+0x66bd32]
V  [jvm.dll+0x301fa6]
V  [jvm.dll+0x309546]
V  [jvm.dll+0x359a0b]
V  [jvm.dll+0x35a044]
V  [jvm.dll+0x35a10d]
V  [jvm.dll+0x2daa75]
V  [jvm.dll+0x2da7d5]
V  [jvm.dll+0x2c8adb]
V  [jvm.dll+0x2c9939]
V  [jvm.dll+0x2c9cae]
V  [jvm.dll+0x2c983c]
V  [jvm.dll+0x303886]
V  [jvm.dll+0x303e56]
V  [jvm.dll+0x304c42]
V  [jvm.dll+0x304807]
V  [jvm.dll+0x2d8360]
V  [jvm.dll+0x2d8a0a]
V  [jvm.dll+0x2d8af7]
V  [jvm.dll+0x2ddf1b]
V  [jvm.dll+0x80832b]
V  [jvm.dll+0x808376]
V  [jvm.dll+0x78abea]
V  [jvm.dll+0x678f35]
C  [ucrtbase.dll+0x29333]
C  [KERNEL32.DLL+0x1257d]
C  [ntdll.dll+0x5af28]


---------------  P R O C E S S  ---------------

Threads class SMR info:
_java_thread_list=0x000001a2efab9b60, length=24, elements={
0x000001a2cb7261c0, 0x000001a2e3098310, 0x000001a2e30990a0, 0x000001a2e30a8c60,
0x000001a2e30a99f0, 0x000001a2e30ac4e0, 0x000001a2e30aedc0, 0x000001a2e30b76a0,
0x000001a2e30b87c0, 0x000001a2e319e900, 0x000001a2e3239870, 0x000001a2e323a7a0,
0x000001a2e3237a10, 0x000001a2e3238430, 0x000001a2e3236ff0, 0x000001a2e3238940,
0x000001a2e3239360, 0x000001a2e3237500, 0x000001a2e3239d80, 0x000001a2e97deb90,
0x000001a2e97da4b0, 0x000001a2e31a8e70, 0x000001a2e31b8a30, 0x000001a2efacb010
}

Java Threads: ( => current thread )
  0x000001a2cb7261c0 JavaThread "main" [_thread_blocked, id=20564, stack(0x0000006fc1b00000,0x0000006fc1c00000)]
  0x000001a2e3098310 JavaThread "Reference Handler" daemon [_thread_blocked, id=8408, stack(0x0000006fc2200000,0x0000006fc2300000)]
  0x000001a2e30990a0 JavaThread "Finalizer" daemon [_thread_blocked, id=964, stack(0x0000006fc2300000,0x0000006fc2400000)]
  0x000001a2e30a8c60 JavaThread "Signal Dispatcher" daemon [_thread_blocked, id=13288, stack(0x0000006fc2400000,0x0000006fc2500000)]
  0x000001a2e30a99f0 JavaThread "Attach Listener" daemon [_thread_blocked, id=31876, stack(0x0000006fc2500000,0x0000006fc2600000)]
  0x000001a2e30ac4e0 JavaThread "Service Thread" daemon [_thread_blocked, id=27864, stack(0x0000006fc2600000,0x0000006fc2700000)]
  0x000001a2e30aedc0 JavaThread "Monitor Deflation Thread" daemon [_thread_blocked, id=19944, stack(0x0000006fc2700000,0x0000006fc2800000)]
  0x000001a2e30b76a0 JavaThread "C1 CompilerThread0" daemon [_thread_blocked, id=27332, stack(0x0000006fc2800000,0x0000006fc2900000)]
  0x000001a2e30b87c0 JavaThread "Sweeper thread" daemon [_thread_blocked, id=15868, stack(0x0000006fc2900000,0x0000006fc2a00000)]
  0x000001a2e319e900 JavaThread "C1 CompilerThread1" daemon [_thread_blocked, id=27256, stack(0x0000006fc2a00000,0x0000006fc2b00000)]
  0x000001a2e3239870 JavaThread "Notification Thread" daemon [_thread_blocked, id=31012, stack(0x0000006fc2d00000,0x0000006fc2e00000)]
  0x000001a2e323a7a0 JavaThread "Common-Cleaner" daemon [_thread_blocked, id=10588, stack(0x0000006fc2f00000,0x0000006fc3000000)]
  0x000001a2e3237a10 JavaThread "RMI TCP Accept-0" daemon [_thread_in_native, id=5236, stack(0x0000006fc3600000,0x0000006fc3700000)]
  0x000001a2e3238430 JavaThread "RMI TCP Connection(1)-10.79.5.180" daemon [_thread_in_native, id=32996, stack(0x0000006fc3a00000,0x0000006fc3b00000)]
  0x000001a2e3236ff0 JavaThread "RMI Scheduler(0)" daemon [_thread_blocked, id=33044, stack(0x0000006fc3b00000,0x0000006fc3c00000)]
  0x000001a2e3238940 JavaThread "JMX server connection timeout 30" daemon [_thread_blocked, id=24728, stack(0x0000006fc3d00000,0x0000006fc3e00000)]
  0x000001a2e3239360 JavaThread "Catalina-utility-1" [_thread_blocked, id=34396, stack(0x0000006fc3900000,0x0000006fc3a00000)]
  0x000001a2e3237500 JavaThread "Catalina-utility-2" [_thread_blocked, id=28976, stack(0x0000006fc3c00000,0x0000006fc3d00000)]
  0x000001a2e3239d80 JavaThread "container-0" [_thread_blocked, id=9676, stack(0x0000006fc4900000,0x0000006fc4a00000)]
  0x000001a2e97deb90 JavaThread "Cleaner-0" daemon [_thread_blocked, id=33712, stack(0x0000006fc4b00000,0x0000006fc4c00000)]
  0x000001a2e97da4b0 JavaThread "HikariPool-1:housekeeper" daemon [_thread_blocked, id=15528, stack(0x0000006fc4c00000,0x0000006fc4d00000)]
  0x000001a2e31a8e70 JavaThread "C1 CompilerThread2" daemon [_thread_blocked, id=24392, stack(0x0000006fc2b00000,0x0000006fc2c00000)]
  0x000001a2e31b8a30 JavaThread "C1 CompilerThread3" daemon [_thread_blocked, id=32968, stack(0x0000006fc2c00000,0x0000006fc2d00000)]
  0x000001a2efacb010 JavaThread "C1 CompilerThread4" daemon [_thread_blocked, id=34032, stack(0x0000006fc3700000,0x0000006fc3800000)]

Other Threads:
  0x000001a2e2d5e280 VMThread "VM Thread" [stack: 0x0000006fc2100000,0x0000006fc2200000] [id=9088]
  0x000001a2e32604d0 WatcherThread [stack: 0x0000006fc2e00000,0x0000006fc2f00000] [id=34492]
  0x000001a2cb795710 GCTaskThread "GC Thread#0" [stack: 0x0000006fc1c00000,0x0000006fc1d00000] [id=18804]
  0x000001a2e3c32950 GCTaskThread "GC Thread#1" [stack: 0x0000006fc3000000,0x0000006fc3100000] [id=4024]
  0x000001a2e3d02c50 GCTaskThread "GC Thread#2" [stack: 0x0000006fc3100000,0x0000006fc3200000] [id=29876]
  0x000001a2e3c46170 GCTaskThread "GC Thread#3" [stack: 0x0000006fc3200000,0x0000006fc3300000] [id=26696]
=>0x000001a2e3c46430 GCTaskThread "GC Thread#4" [stack: 0x0000006fc3300000,0x0000006fc3400000] [id=26908]
  0x000001a2e3c466f0 GCTaskThread "GC Thread#5" [stack: 0x0000006fc3400000,0x0000006fc3500000] [id=13064]
  0x000001a2e8147f10 GCTaskThread "GC Thread#6" [stack: 0x0000006fc3500000,0x0000006fc3600000] [id=31616]
  0x000001a2e85b38e0 GCTaskThread "GC Thread#7" [stack: 0x0000006fc3e00000,0x0000006fc3f00000] [id=25232]
  0x000001a2e85b3e60 GCTaskThread "GC Thread#8" [stack: 0x0000006fc3f00000,0x0000006fc4000000] [id=33896]
  0x000001a2e85b3ba0 GCTaskThread "GC Thread#9" [stack: 0x0000006fc4000000,0x0000006fc4100000] [id=5496]
  0x000001a2e85b4120 GCTaskThread "GC Thread#10" [stack: 0x0000006fc4100000,0x0000006fc4200000] [id=5692]
  0x000001a2e85b43e0 GCTaskThread "GC Thread#11" [stack: 0x0000006fc4200000,0x0000006fc4300000] [id=30724]
  0x000001a2e85b30a0 GCTaskThread "GC Thread#12" [stack: 0x0000006fc4300000,0x0000006fc4400000] [id=22224]
  0x000001a2e85b46a0 GCTaskThread "GC Thread#13" [stack: 0x0000006fc4400000,0x0000006fc4500000] [id=1980]
  0x000001a2e85b4960 GCTaskThread "GC Thread#14" [stack: 0x0000006fc4500000,0x0000006fc4600000] [id=24160]
  0x000001a2cb7a6850 ConcurrentGCThread "G1 Main Marker" [stack: 0x0000006fc1d00000,0x0000006fc1e00000] [id=26304]
  0x000001a2cb7a7170 ConcurrentGCThread "G1 Conc#0" [stack: 0x0000006fc1e00000,0x0000006fc1f00000] [id=32060]
  0x000001a2e85b3360 ConcurrentGCThread "G1 Conc#1" [stack: 0x0000006fc4600000,0x0000006fc4700000] [id=9084]
  0x000001a2e85b3620 ConcurrentGCThread "G1 Conc#2" [stack: 0x0000006fc4700000,0x0000006fc4800000] [id=33468]
  0x000001a2e864b370 ConcurrentGCThread "G1 Conc#3" [stack: 0x0000006fc4800000,0x0000006fc4900000] [id=13332]
  0x000001a2cb7de900 ConcurrentGCThread "G1 Refine#0" [stack: 0x0000006fc1f00000,0x0000006fc2000000] [id=32856]
  0x000001a2e9a11540 ConcurrentGCThread "G1 Refine#1" [stack: 0x0000006fc4e00000,0x0000006fc4f00000] [id=13400]
  0x000001a2e9a10f60 ConcurrentGCThread "G1 Refine#2" [stack: 0x0000006fc4f00000,0x0000006fc5000000] [id=34704]
  0x000001a2e9a0ec20 ConcurrentGCThread "G1 Refine#3" [stack: 0x0000006fc5000000,0x0000006fc5100000] [id=32064]
  0x000001a2e9a0ef10 ConcurrentGCThread "G1 Refine#4" [stack: 0x0000006fc5100000,0x0000006fc5200000] [id=4920]
  0x000001a2e9a103a0 ConcurrentGCThread "G1 Refine#5" [stack: 0x0000006fc5200000,0x0000006fc5300000] [id=1924]
  0x000001a2e9a0f200 ConcurrentGCThread "G1 Refine#6" [stack: 0x0000006fc5300000,0x0000006fc5400000] [id=19812]
  0x000001a2e9a0f4f0 ConcurrentGCThread "G1 Refine#7" [stack: 0x0000006fc5400000,0x0000006fc5500000] [id=19484]
  0x000001a2e9a100b0 ConcurrentGCThread "G1 Refine#8" [stack: 0x0000006fc5500000,0x0000006fc5600000] [id=12812]
  0x000001a2e9a0e060 ConcurrentGCThread "G1 Refine#9" [stack: 0x0000006fc5600000,0x0000006fc5700000] [id=23324]
  0x000001a2e9a0fdc0 ConcurrentGCThread "G1 Refine#10" [stack: 0x0000006fc5700000,0x0000006fc5800000] [id=28684]
  0x000001a2e9a0e350 ConcurrentGCThread "G1 Refine#11" [stack: 0x0000006fc5800000,0x0000006fc5900000] [id=21448]
  0x000001a2e9a10690 ConcurrentGCThread "G1 Refine#12" [stack: 0x0000006fc5900000,0x0000006fc5a00000] [id=23976]
  0x000001a2e9a11250 ConcurrentGCThread "G1 Refine#13" [stack: 0x0000006fc5a00000,0x0000006fc5b00000] [id=28200]
  0x000001a2e2c1f2b0 ConcurrentGCThread "G1 Service" [stack: 0x0000006fc2000000,0x0000006fc2100000] [id=6496]

Threads with active compile tasks:

VM state: at safepoint (normal execution)

VM Mutex/Monitor currently owned by a thread:  ([mutex/lock_event])
[0x000001a2cb721840] FreeList_lock - owner thread: 0x000001a2e3c46430
[0x000001a2cb723d20] Threads_lock - owner thread: 0x000001a2e2d5e280
[0x000001a2cb722a90] Heap_lock - owner thread: 0x000001a2cb7261c0

Heap address: 0x0000000704c00000, size: 4020 MB, Compressed Oops mode: Zero based, Oop shift amount: 3

CDS archive(s) mapped at: [0x000001a280000000-0x000001a280bd0000-0x000001a280bd0000), size 12386304, SharedBaseAddress: 0x000001a280000000, ArchiveRelocationMode: 1.
Compressed class space mapped at: 0x000001a281000000-0x000001a2c1000000, reserved size: 1073741824
Narrow klass base: 0x000001a280000000, Narrow klass shift: 0, Narrow klass range: 0x100000000

GC Precious Log:
 CPUs: 20 total, 20 available
 Memory: 16072M
 Large Page Support: Disabled
 NUMA Support: Disabled
 Compressed Oops: Enabled (Zero based)
 Heap Region Size: 2M
 Heap Min Capacity: 8M
 Heap Initial Capacity: 252M
 Heap Max Capacity: 4020M
 Pre-touch: Disabled
 Parallel Workers: 15
 Concurrent Workers: 4
 Concurrent Refinement Workers: 15
 Periodic GC: Disabled

Heap:
 garbage-first heap   total 587776K, used 471742K [0x0000000704c00000, 0x0000000800000000)
  region size 2048K, 168 young (344064K), 21 survivors (43008K)
 Metaspace       used 104154K, committed 104832K, reserved 1179648K
  class space    used 13672K, committed 14016K, reserved 1048576K

Heap Regions: E=young(eden), S=young(survivor), O=old, HS=humongous(starts), HC=humongous(continues), CS=collection set, F=free, OA=open archive, CA=closed archive, TAMS=top-at-mark-start (previous, next)
|   0|0x0000000704c00000, 0x0000000704e00000, 0x0000000704e00000|100%| O|  |TAMS 0x0000000704e00000, 0x0000000704c00000| Untracked 
|   1|0x0000000704e00000, 0x0000000705000000, 0x0000000705000000|100%| O|  |TAMS 0x0000000705000000, 0x0000000704e00000| Untracked 
|   2|0x0000000705000000, 0x0000000705200000, 0x0000000705200000|100%| O|  |TAMS 0x0000000705200000, 0x0000000705000000| Untracked 
|   3|0x0000000705200000, 0x0000000705400000, 0x0000000705400000|100%| O|  |TAMS 0x0000000705400000, 0x0000000705200000| Untracked 
|   4|0x0000000705400000, 0x00000007055a7e00, 0x0000000705600000| 82%| O|  |TAMS 0x00000007055a7e00, 0x0000000705400000| Untracked 
|   5|0x0000000705600000, 0x0000000705800000, 0x0000000705800000|100%| O|  |TAMS 0x0000000705800000, 0x0000000705600000| Untracked 
|   6|0x0000000705800000, 0x0000000705a00000, 0x0000000705a00000|100%| O|  |TAMS 0x0000000705a00000, 0x0000000705800000| Untracked 
|   7|0x0000000705a00000, 0x0000000705c00000, 0x0000000705c00000|100%| O|  |TAMS 0x0000000705c00000, 0x0000000705a00000| Untracked 
|   8|0x0000000705c00000, 0x0000000705e00000, 0x0000000705e00000|100%| O|  |TAMS 0x0000000705e00000, 0x0000000705c00000| Untracked 
|   9|0x0000000705e00000, 0x0000000706000000, 0x0000000706000000|100%| O|  |TAMS 0x0000000706000000, 0x0000000705e00000| Untracked 
|  10|0x0000000706000000, 0x0000000706200000, 0x0000000706200000|100%| O|  |TAMS 0x0000000706200000, 0x0000000706000000| Untracked 
|  11|0x0000000706200000, 0x0000000706400000, 0x0000000706400000|100%| O|  |TAMS 0x0000000706400000, 0x0000000706200000| Untracked 
|  12|0x0000000706400000, 0x0000000706600000, 0x0000000706600000|100%| O|  |TAMS 0x0000000706600000, 0x0000000706400000| Untracked 
|  13|0x0000000706600000, 0x0000000706800000, 0x0000000706800000|100%| O|  |TAMS 0x0000000706800000, 0x0000000706600000| Untracked 
|  14|0x0000000706800000, 0x0000000706a00000, 0x0000000706a00000|100%| O|  |TAMS 0x0000000706a00000, 0x0000000706800000| Untracked 
|  15|0x0000000706a00000, 0x0000000706c00000, 0x0000000706c00000|100%| O|  |TAMS 0x0000000706c00000, 0x0000000706a00000| Untracked 
|  16|0x0000000706c00000, 0x0000000706e00000, 0x0000000706e00000|100%| O|  |TAMS 0x0000000706c00000, 0x0000000706c00000| Untracked 
|  17|0x0000000706e00000, 0x0000000707000000, 0x0000000707000000|100%| O|  |TAMS 0x0000000707000000, 0x0000000706e00000| Untracked 
|  18|0x0000000707000000, 0x0000000707200000, 0x0000000707200000|100%| O|  |TAMS 0x0000000707200000, 0x0000000707000000| Untracked 
|  19|0x0000000707200000, 0x0000000707400000, 0x0000000707400000|100%| O|  |TAMS 0x0000000707400000, 0x0000000707200000| Untracked 
|  20|0x0000000707400000, 0x0000000707600000, 0x0000000707600000|100%| O|  |TAMS 0x0000000707600000, 0x0000000707400000| Untracked 
|  21|0x0000000707600000, 0x0000000707800000, 0x0000000707800000|100%| O|  |TAMS 0x0000000707800000, 0x0000000707600000| Untracked 
|  22|0x0000000707800000, 0x0000000707a00000, 0x0000000707a00000|100%| O|  |TAMS 0x0000000707a00000, 0x0000000707800000| Untracked 
|  23|0x0000000707a00000, 0x0000000707c00000, 0x0000000707c00000|100%| O|  |TAMS 0x0000000707c00000, 0x0000000707a00000| Untracked 
|  24|0x0000000707c00000, 0x0000000707e00000, 0x0000000707e00000|100%| O|  |TAMS 0x0000000707e00000, 0x0000000707c00000| Untracked 
|  25|0x0000000707e00000, 0x0000000708000000, 0x0000000708000000|100%| O|  |TAMS 0x0000000708000000, 0x0000000707e00000| Untracked 
|  26|0x0000000708000000, 0x0000000708200000, 0x0000000708200000|100%| O|  |TAMS 0x0000000708200000, 0x0000000708000000| Untracked 
|  27|0x0000000708200000, 0x0000000708400000, 0x0000000708400000|100%| O|  |TAMS 0x0000000708400000, 0x0000000708200000| Untracked 
|  28|0x0000000708400000, 0x0000000708600000, 0x0000000708600000|100%| O|  |TAMS 0x0000000708600000, 0x0000000708400000| Untracked 
|  29|0x0000000708600000, 0x0000000708800000, 0x0000000708800000|100%| O|  |TAMS 0x0000000708800000, 0x0000000708600000| Untracked 
|  30|0x0000000708800000, 0x0000000708a00000, 0x0000000708a00000|100%| O|  |TAMS 0x0000000708a00000, 0x0000000708800000| Untracked 
|  31|0x0000000708a00000, 0x0000000708c00000, 0x0000000708c00000|100%| O|  |TAMS 0x0000000708c00000, 0x0000000708a00000| Untracked 
|  32|0x0000000708c00000, 0x0000000708e00000, 0x0000000708e00000|100%| O|  |TAMS 0x0000000708e00000, 0x0000000708c00000| Untracked 
|  33|0x0000000708e00000, 0x0000000709000000, 0x0000000709000000|100%| O|  |TAMS 0x0000000709000000, 0x0000000708e00000| Untracked 
|  34|0x0000000709000000, 0x0000000709200000, 0x0000000709200000|100%| O|  |TAMS 0x0000000709200000, 0x0000000709000000| Untracked 
|  35|0x0000000709200000, 0x0000000709400000, 0x0000000709400000|100%| O|  |TAMS 0x0000000709400000, 0x0000000709200000| Untracked 
|  36|0x0000000709400000, 0x0000000709600000, 0x0000000709600000|100%| O|  |TAMS 0x0000000709600000, 0x0000000709400000| Untracked 
|  37|0x0000000709600000, 0x0000000709800000, 0x0000000709800000|100%| O|  |TAMS 0x0000000709800000, 0x0000000709600000| Untracked 
|  38|0x0000000709800000, 0x0000000709a00000, 0x0000000709a00000|100%| O|  |TAMS 0x0000000709a00000, 0x0000000709800000| Untracked 
|  39|0x0000000709a00000, 0x0000000709c00000, 0x0000000709c00000|100%| O|  |TAMS 0x0000000709c00000, 0x0000000709a00000| Untracked 
|  40|0x0000000709c00000, 0x0000000709e00000, 0x0000000709e00000|100%| O|  |TAMS 0x0000000709e00000, 0x0000000709c00000| Untracked 
|  41|0x0000000709e00000, 0x000000070a000000, 0x000000070a000000|100%| O|  |TAMS 0x000000070a000000, 0x0000000709e00000| Untracked 
|  42|0x000000070a000000, 0x000000070a200000, 0x000000070a200000|100%| O|  |TAMS 0x000000070a200000, 0x000000070a000000| Untracked 
|  43|0x000000070a200000, 0x000000070a400000, 0x000000070a400000|100%| O|  |TAMS 0x000000070a31b400, 0x000000070a200000| Untracked 
|  44|0x000000070a400000, 0x000000070a600000, 0x000000070a600000|100%| O|  |TAMS 0x000000070a400000, 0x000000070a400000| Untracked 
|  45|0x000000070a600000, 0x000000070a800000, 0x000000070a800000|100%| O|  |TAMS 0x000000070a600000, 0x000000070a600000| Untracked 
|  46|0x000000070a800000, 0x000000070aa00000, 0x000000070aa00000|100%| O|  |TAMS 0x000000070a800000, 0x000000070a800000| Untracked 
|  47|0x000000070aa00000, 0x000000070ac00000, 0x000000070ac00000|100%| O|  |TAMS 0x000000070aa00000, 0x000000070aa00000| Untracked 
|  48|0x000000070ac00000, 0x000000070ae00000, 0x000000070ae00000|100%| O|  |TAMS 0x000000070ac00000, 0x000000070ac00000| Untracked 
|  49|0x000000070ae00000, 0x000000070b000000, 0x000000070b000000|100%| O|  |TAMS 0x000000070ae00000, 0x000000070ae00000| Untracked 
|  50|0x000000070b000000, 0x000000070b200000, 0x000000070b200000|100%| O|  |TAMS 0x000000070b000000, 0x000000070b000000| Untracked 
|  51|0x000000070b200000, 0x000000070b400000, 0x000000070b400000|100%| O|  |TAMS 0x000000070b200000, 0x000000070b200000| Untracked 
|  52|0x000000070b400000, 0x000000070b600000, 0x000000070b600000|100%| O|  |TAMS 0x000000070b400000, 0x000000070b400000| Untracked 
|  53|0x000000070b600000, 0x000000070b800000, 0x000000070b800000|100%| O|  |TAMS 0x000000070b600000, 0x000000070b600000| Untracked 
|  54|0x000000070b800000, 0x000000070ba00000, 0x000000070ba00000|100%| O|  |TAMS 0x000000070b800000, 0x000000070b800000| Untracked 
|  55|0x000000070ba00000, 0x000000070bc00000, 0x000000070bc00000|100%| O|  |TAMS 0x000000070ba00000, 0x000000070ba00000| Untracked 
|  56|0x000000070bc00000, 0x000000070be00000, 0x000000070be00000|100%| O|  |TAMS 0x000000070bc00000, 0x000000070bc00000| Untracked 
|  57|0x000000070be00000, 0x000000070c000000, 0x000000070c000000|100%| O|  |TAMS 0x000000070be00000, 0x000000070be00000| Untracked 
|  58|0x000000070c000000, 0x000000070c200000, 0x000000070c200000|100%| O|  |TAMS 0x000000070c000000, 0x000000070c000000| Untracked 
|  59|0x000000070c200000, 0x000000070c400000, 0x000000070c400000|100%| O|  |TAMS 0x000000070c200000, 0x000000070c200000| Untracked 
|  60|0x000000070c400000, 0x000000070c600000, 0x000000070c600000|100%| O|  |TAMS 0x000000070c400000, 0x000000070c400000| Untracked 
|  61|0x000000070c600000, 0x000000070c800000, 0x000000070c800000|100%| O|  |TAMS 0x000000070c600000, 0x000000070c600000| Untracked 
|  62|0x000000070c800000, 0x000000070ca00000, 0x000000070ca00000|100%| O|  |TAMS 0x000000070c800000, 0x000000070c800000| Untracked 
|  63|0x000000070ca00000, 0x000000070cc00000, 0x000000070cc00000|100%| O|  |TAMS 0x000000070ca00000, 0x000000070ca00000| Untracked 
|  64|0x000000070cc00000, 0x000000070ce00000, 0x000000070ce00000|100%| O|  |TAMS 0x000000070cc00000, 0x000000070cc00000| Untracked 
|  65|0x000000070ce00000, 0x000000070d000000, 0x000000070d000000|100%| O|  |TAMS 0x000000070ce00000, 0x000000070ce00000| Untracked 
|  66|0x000000070d000000, 0x000000070d200000, 0x000000070d200000|100%| O|  |TAMS 0x000000070d000000, 0x000000070d000000| Untracked 
|  67|0x000000070d200000, 0x000000070d400000, 0x000000070d400000|100%| O|  |TAMS 0x000000070d200000, 0x000000070d200000| Untracked 
|  68|0x000000070d400000, 0x000000070d600000, 0x000000070d600000|100%| O|  |TAMS 0x000000070d400000, 0x000000070d400000| Untracked 
|  69|0x000000070d600000, 0x000000070d800000, 0x000000070d800000|100%| O|  |TAMS 0x000000070d600000, 0x000000070d600000| Untracked 
|  70|0x000000070d800000, 0x000000070da00000, 0x000000070da00000|100%| O|  |TAMS 0x000000070d800000, 0x000000070d800000| Untracked 
|  71|0x000000070da00000, 0x000000070dc00000, 0x000000070dc00000|100%| O|  |TAMS 0x000000070da00000, 0x000000070da00000| Untracked 
|  72|0x000000070dc00000, 0x000000070de00000, 0x000000070de00000|100%| O|  |TAMS 0x000000070dc00000, 0x000000070dc00000| Untracked 
|  73|0x000000070de00000, 0x000000070e000000, 0x000000070e000000|100%| O|  |TAMS 0x000000070de00000, 0x000000070de00000| Untracked 
|  74|0x000000070e000000, 0x000000070e200000, 0x000000070e200000|100%| O|  |TAMS 0x000000070e000000, 0x000000070e000000| Untracked 
|  75|0x000000070e200000, 0x000000070e400000, 0x000000070e400000|100%| O|  |TAMS 0x000000070e200000, 0x000000070e200000| Untracked 
|  76|0x000000070e400000, 0x000000070e600000, 0x000000070e600000|100%| O|  |TAMS 0x000000070e400000, 0x000000070e400000| Untracked 
|  77|0x000000070e600000, 0x000000070e800000, 0x000000070e800000|100%| O|  |TAMS 0x000000070e600000, 0x000000070e600000| Untracked 
|  78|0x000000070e800000, 0x000000070ea00000, 0x000000070ea00000|100%| O|  |TAMS 0x000000070e800000, 0x000000070e800000| Untracked 
|  79|0x000000070ea00000, 0x000000070ec00000, 0x000000070ec00000|100%| O|  |TAMS 0x000000070ea00000, 0x000000070ea00000| Untracked 
|  80|0x000000070ec00000, 0x000000070ee00000, 0x000000070ee00000|100%| O|  |TAMS 0x000000070ec00000, 0x000000070ec00000| Untracked 
|  81|0x000000070ee00000, 0x000000070f000000, 0x000000070f000000|100%| O|  |TAMS 0x000000070ee00000, 0x000000070ee00000| Untracked 
|  82|0x000000070f000000, 0x000000070f200000, 0x000000070f200000|100%| O|  |TAMS 0x000000070f000000, 0x000000070f000000| Untracked 
|  83|0x000000070f200000, 0x000000070f400000, 0x000000070f400000|100%| O|  |TAMS 0x000000070f200000, 0x000000070f200000| Untracked 
|  84|0x000000070f400000, 0x000000070f600000, 0x000000070f600000|100%| O|  |TAMS 0x000000070f400000, 0x000000070f400000| Untracked 
|  85|0x000000070f600000, 0x000000070f800000, 0x000000070f800000|100%| O|  |TAMS 0x000000070f600000, 0x000000070f600000| Untracked 
|  86|0x000000070f800000, 0x000000070fa00000, 0x000000070fa00000|100%| O|  |TAMS 0x000000070f800000, 0x000000070f800000| Untracked 
|  87|0x000000070fa00000, 0x000000070fc00000, 0x000000070fc00000|100%| O|  |TAMS 0x000000070fa00000, 0x000000070fa00000| Untracked 
|  88|0x000000070fc00000, 0x000000070fe00000, 0x000000070fe00000|100%| O|  |TAMS 0x000000070fc00000, 0x000000070fc00000| Untracked 
|  89|0x000000070fe00000, 0x0000000710000000, 0x0000000710000000|100%| O|  |TAMS 0x000000070fe00000, 0x000000070fe00000| Untracked 
|  90|0x0000000710000000, 0x0000000710200000, 0x0000000710200000|100%| O|  |TAMS 0x0000000710000000, 0x0000000710000000| Untracked 
|  91|0x0000000710200000, 0x0000000710400000, 0x0000000710400000|100%| S|  |TAMS 0x0000000710200000, 0x0000000710200000| Complete 
|  92|0x0000000710400000, 0x0000000710600000, 0x0000000710600000|100%| S|  |TAMS 0x0000000710400000, 0x0000000710400000| Complete 
|  93|0x0000000710600000, 0x00000007107d10a0, 0x0000000710800000| 90%| E|CS|TAMS 0x0000000710600000, 0x0000000710600000| Complete 
|  94|0x0000000710800000, 0x0000000710a00000, 0x0000000710a00000|100%| E|CS|TAMS 0x0000000710800000, 0x0000000710800000| Complete 
|  95|0x0000000710a00000, 0x0000000710c00000, 0x0000000710c00000|100%| E|CS|TAMS 0x0000000710a00000, 0x0000000710a00000| Complete 
|  96|0x0000000710c00000, 0x0000000710e00000, 0x0000000710e00000|100%| E|CS|TAMS 0x0000000710c00000, 0x0000000710c00000| Complete 
|  97|0x0000000710e00000, 0x0000000711000000, 0x0000000711000000|100%| E|CS|TAMS 0x0000000710e00000, 0x0000000710e00000| Complete 
|  98|0x0000000711000000, 0x0000000711200000, 0x0000000711200000|100%| S|  |TAMS 0x0000000711000000, 0x0000000711000000| Complete 
|  99|0x0000000711200000, 0x0000000711400000, 0x0000000711400000|100%| S|  |TAMS 0x0000000711200000, 0x0000000711200000| Complete 
| 100|0x0000000711400000, 0x0000000711600000, 0x0000000711600000|100%| E|CS|TAMS 0x0000000711400000, 0x0000000711400000| Complete 
| 101|0x0000000711600000, 0x0000000711800000, 0x0000000711800000|100%| E|CS|TAMS 0x0000000711600000, 0x0000000711600000| Complete 
| 102|0x0000000711800000, 0x0000000711a00000, 0x0000000711a00000|100%| S|  |TAMS 0x0000000711800000, 0x0000000711800000| Complete 
| 103|0x0000000711a00000, 0x0000000711c00000, 0x0000000711c00000|100%| E|CS|TAMS 0x0000000711a00000, 0x0000000711a00000| Complete 
| 104|0x0000000711c00000, 0x0000000711e00000, 0x0000000711e00000|100%| E|CS|TAMS 0x0000000711c00000, 0x0000000711c00000| Complete 
| 105|0x0000000711e00000, 0x0000000712000000, 0x0000000712000000|100%| E|CS|TAMS 0x0000000711e00000, 0x0000000711e00000| Complete 
| 106|0x0000000712000000, 0x0000000712200000, 0x0000000712200000|100%| E|CS|TAMS 0x0000000712000000, 0x0000000712000000| Complete 
| 107|0x0000000712200000, 0x0000000712400000, 0x0000000712400000|100%| E|CS|TAMS 0x0000000712200000, 0x0000000712200000| Complete 
| 108|0x0000000712400000, 0x0000000712600000, 0x0000000712600000|100%| E|CS|TAMS 0x0000000712400000, 0x0000000712400000| Complete 
| 109|0x0000000712600000, 0x0000000712800000, 0x0000000712800000|100%| S|  |TAMS 0x0000000712600000, 0x0000000712600000| Complete 
| 110|0x0000000712800000, 0x0000000712a00000, 0x0000000712a00000|100%| S|  |TAMS 0x0000000712800000, 0x0000000712800000| Complete 
| 111|0x0000000712a00000, 0x0000000712c00000, 0x0000000712c00000|100%| S|  |TAMS 0x0000000712a00000, 0x0000000712a00000| Complete 
| 112|0x0000000712c00000, 0x0000000712e00000, 0x0000000712e00000|100%| S|  |TAMS 0x0000000712c00000, 0x0000000712c00000| Complete 
| 113|0x0000000712e00000, 0x0000000713000000, 0x0000000713000000|100%| S|  |TAMS 0x0000000712e00000, 0x0000000712e00000| Complete 
| 114|0x0000000713000000, 0x0000000713200000, 0x0000000713200000|100%| S|  |TAMS 0x0000000713000000, 0x0000000713000000| Complete 
| 115|0x0000000713200000, 0x0000000713400000, 0x0000000713400000|100%| S|  |TAMS 0x0000000713200000, 0x0000000713200000| Complete 
| 116|0x0000000713400000, 0x0000000713600000, 0x0000000713600000|100%| E|CS|TAMS 0x0000000713400000, 0x0000000713400000| Complete 
| 117|0x0000000713600000, 0x0000000713800000, 0x0000000713800000|100%| E|CS|TAMS 0x0000000713600000, 0x0000000713600000| Complete 
| 118|0x0000000713800000, 0x0000000713a00000, 0x0000000713a00000|100%| E|CS|TAMS 0x0000000713800000, 0x0000000713800000| Complete 
| 119|0x0000000713a00000, 0x0000000713c00000, 0x0000000713c00000|100%| S|  |TAMS 0x0000000713a00000, 0x0000000713a00000| Complete 
| 120|0x0000000713c00000, 0x0000000713e00000, 0x0000000713e00000|100%| S|  |TAMS 0x0000000713c00000, 0x0000000713c00000| Complete 
| 121|0x0000000713e00000, 0x0000000714000000, 0x0000000714000000|100%| E|CS|TAMS 0x0000000713e00000, 0x0000000713e00000| Complete 
| 122|0x0000000714000000, 0x0000000714200000, 0x0000000714200000|100%| S|  |TAMS 0x0000000714000000, 0x0000000714000000| Complete 
| 123|0x0000000714200000, 0x0000000714400000, 0x0000000714400000|100%| S|  |TAMS 0x0000000714200000, 0x0000000714200000| Complete 
| 124|0x0000000714400000, 0x0000000714600000, 0x0000000714600000|100%| E|CS|TAMS 0x0000000714400000, 0x0000000714400000| Complete 
| 125|0x0000000714600000, 0x0000000714800000, 0x0000000714800000|100%| E|CS|TAMS 0x0000000714600000, 0x0000000714600000| Complete 
| 126|0x0000000714800000, 0x0000000714a00000, 0x0000000714a00000|100%| S|  |TAMS 0x0000000714800000, 0x0000000714800000| Complete 
| 127|0x0000000714a00000, 0x0000000714c00000, 0x0000000714c00000|100%| S|  |TAMS 0x0000000714a00000, 0x0000000714a00000| Complete 
| 128|0x0000000714c00000, 0x0000000714e00000, 0x0000000714e00000|100%| S|  |TAMS 0x0000000714c00000, 0x0000000714c00000| Complete 
| 129|0x0000000714e00000, 0x0000000715000000, 0x0000000715000000|100%| S|  |TAMS 0x0000000714e00000, 0x0000000714e00000| Complete 
| 130|0x0000000715000000, 0x0000000715200000, 0x0000000715200000|100%| S|  |TAMS 0x0000000715000000, 0x0000000715000000| Complete 
| 131|0x0000000715200000, 0x0000000715400000, 0x0000000715400000|100%| E|CS|TAMS 0x0000000715200000, 0x0000000715200000| Complete 
| 132|0x0000000715400000, 0x0000000715600000, 0x0000000715600000|100%| E|CS|TAMS 0x0000000715400000, 0x0000000715400000| Complete 
| 133|0x0000000715600000, 0x0000000715800000, 0x0000000715800000|100%| E|CS|TAMS 0x0000000715600000, 0x0000000715600000| Complete 
| 134|0x0000000715800000, 0x0000000715a00000, 0x0000000715a00000|100%| E|CS|TAMS 0x0000000715800000, 0x0000000715800000| Complete 
| 135|0x0000000715a00000, 0x0000000715c00000, 0x0000000715c00000|100%| E|CS|TAMS 0x0000000715a00000, 0x0000000715a00000| Complete 
| 136|0x0000000715c00000, 0x0000000715e00000, 0x0000000715e00000|100%| E|CS|TAMS 0x0000000715c00000, 0x0000000715c00000| Complete 
| 137|0x0000000715e00000, 0x0000000716000000, 0x0000000716000000|100%| E|CS|TAMS 0x0000000715e00000, 0x0000000715e00000| Complete 
| 138|0x0000000716000000, 0x0000000716200000, 0x0000000716200000|100%| E|CS|TAMS 0x0000000716000000, 0x0000000716000000| Complete 
| 139|0x0000000716200000, 0x0000000716400000, 0x0000000716400000|100%| E|CS|TAMS 0x0000000716200000, 0x0000000716200000| Complete 
| 140|0x0000000716400000, 0x0000000716600000, 0x0000000716600000|100%| E|CS|TAMS 0x0000000716400000, 0x0000000716400000| Complete 
| 141|0x0000000716600000, 0x0000000716800000, 0x0000000716800000|100%| E|CS|TAMS 0x0000000716600000, 0x0000000716600000| Complete 
| 142|0x0000000716800000, 0x0000000716a00000, 0x0000000716a00000|100%| E|CS|TAMS 0x0000000716800000, 0x0000000716800000| Complete 
| 143|0x0000000716a00000, 0x0000000716c00000, 0x0000000716c00000|100%| E|CS|TAMS 0x0000000716a00000, 0x0000000716a00000| Complete 
| 144|0x0000000716c00000, 0x0000000716e00000, 0x0000000716e00000|100%| E|CS|TAMS 0x0000000716c00000, 0x0000000716c00000| Complete 
| 145|0x0000000716e00000, 0x0000000717000000, 0x0000000717000000|100%| E|CS|TAMS 0x0000000716e00000, 0x0000000716e00000| Complete 
| 146|0x0000000717000000, 0x0000000717200000, 0x0000000717200000|100%| E|CS|TAMS 0x0000000717000000, 0x0000000717000000| Complete 
| 147|0x0000000717200000, 0x0000000717400000, 0x0000000717400000|100%| E|CS|TAMS 0x0000000717200000, 0x0000000717200000| Complete 
| 148|0x0000000717400000, 0x0000000717600000, 0x0000000717600000|100%| E|CS|TAMS 0x0000000717400000, 0x0000000717400000| Complete 
| 149|0x0000000717600000, 0x0000000717800000, 0x0000000717800000|100%| E|CS|TAMS 0x0000000717600000, 0x0000000717600000| Complete 
| 150|0x0000000717800000, 0x0000000717a00000, 0x0000000717a00000|100%| E|CS|TAMS 0x0000000717800000, 0x0000000717800000| Complete 
| 151|0x0000000717a00000, 0x0000000717c00000, 0x0000000717c00000|100%| E|CS|TAMS 0x0000000717a00000, 0x0000000717a00000| Complete 
| 152|0x0000000717c00000, 0x0000000717e00000, 0x0000000717e00000|100%| E|CS|TAMS 0x0000000717c00000, 0x0000000717c00000| Complete 
| 153|0x0000000717e00000, 0x0000000718000000, 0x0000000718000000|100%| E|CS|TAMS 0x0000000717e00000, 0x0000000717e00000| Complete 
| 154|0x0000000718000000, 0x0000000718200000, 0x0000000718200000|100%| E|CS|TAMS 0x0000000718000000, 0x0000000718000000| Complete 
| 155|0x0000000718200000, 0x0000000718400000, 0x0000000718400000|100%| E|CS|TAMS 0x0000000718200000, 0x0000000718200000| Complete 
| 156|0x0000000718400000, 0x0000000718600000, 0x0000000718600000|100%| E|CS|TAMS 0x0000000718400000, 0x0000000718400000| Complete 
| 157|0x0000000718600000, 0x0000000718800000, 0x0000000718800000|100%| E|CS|TAMS 0x0000000718600000, 0x0000000718600000| Complete 
| 158|0x0000000718800000, 0x0000000718a00000, 0x0000000718a00000|100%| E|CS|TAMS 0x0000000718800000, 0x0000000718800000| Complete 
| 159|0x0000000718a00000, 0x0000000718c00000, 0x0000000718c00000|100%| E|CS|TAMS 0x0000000718a00000, 0x0000000718a00000| Complete 
| 160|0x0000000718c00000, 0x0000000718e00000, 0x0000000718e00000|100%| E|CS|TAMS 0x0000000718c00000, 0x0000000718c00000| Complete 
| 161|0x0000000718e00000, 0x0000000719000000, 0x0000000719000000|100%| E|CS|TAMS 0x0000000718e00000, 0x0000000718e00000| Complete 
| 162|0x0000000719000000, 0x0000000719200000, 0x0000000719200000|100%| E|CS|TAMS 0x0000000719000000, 0x0000000719000000| Complete 
| 163|0x0000000719200000, 0x0000000719400000, 0x0000000719400000|100%| E|CS|TAMS 0x0000000719200000, 0x0000000719200000| Complete 
| 164|0x0000000719400000, 0x0000000719600000, 0x0000000719600000|100%| E|CS|TAMS 0x0000000719400000, 0x0000000719400000| Complete 
| 165|0x0000000719600000, 0x0000000719800000, 0x0000000719800000|100%| E|CS|TAMS 0x0000000719600000, 0x0000000719600000| Complete 
| 166|0x0000000719800000, 0x0000000719a00000, 0x0000000719a00000|100%| E|CS|TAMS 0x0000000719800000, 0x0000000719800000| Complete 
| 167|0x0000000719a00000, 0x0000000719c00000, 0x0000000719c00000|100%| E|CS|TAMS 0x0000000719a00000, 0x0000000719a00000| Complete 
| 168|0x0000000719c00000, 0x0000000719e00000, 0x0000000719e00000|100%| E|CS|TAMS 0x0000000719c00000, 0x0000000719c00000| Complete 
| 169|0x0000000719e00000, 0x000000071a000000, 0x000000071a000000|100%| E|CS|TAMS 0x0000000719e00000, 0x0000000719e00000| Complete 
| 170|0x000000071a000000, 0x000000071a200000, 0x000000071a200000|100%| E|CS|TAMS 0x000000071a000000, 0x000000071a000000| Complete 
| 171|0x000000071a200000, 0x000000071a400000, 0x000000071a400000|100%| E|CS|TAMS 0x000000071a200000, 0x000000071a200000| Complete 
| 172|0x000000071a400000, 0x000000071a600000, 0x000000071a600000|100%| E|CS|TAMS 0x000000071a400000, 0x000000071a400000| Complete 
| 173|0x000000071a600000, 0x000000071a800000, 0x000000071a800000|100%| E|CS|TAMS 0x000000071a600000, 0x000000071a600000| Complete 
| 174|0x000000071a800000, 0x000000071aa00000, 0x000000071aa00000|100%| E|CS|TAMS 0x000000071a800000, 0x000000071a800000| Complete 
| 175|0x000000071aa00000, 0x000000071ac00000, 0x000000071ac00000|100%| E|CS|TAMS 0x000000071aa00000, 0x000000071aa00000| Complete 
| 176|0x000000071ac00000, 0x000000071ae00000, 0x000000071ae00000|100%| E|CS|TAMS 0x000000071ac00000, 0x000000071ac00000| Complete 
| 177|0x000000071ae00000, 0x000000071b000000, 0x000000071b000000|100%| E|CS|TAMS 0x000000071ae00000, 0x000000071ae00000| Complete 
| 178|0x000000071b000000, 0x000000071b200000, 0x000000071b200000|100%| E|CS|TAMS 0x000000071b000000, 0x000000071b000000| Complete 
| 179|0x000000071b200000, 0x000000071b400000, 0x000000071b400000|100%| E|CS|TAMS 0x000000071b200000, 0x000000071b200000| Complete 
| 180|0x000000071b400000, 0x000000071b600000, 0x000000071b600000|100%| E|CS|TAMS 0x000000071b400000, 0x000000071b400000| Complete 
| 181|0x000000071b600000, 0x000000071b800000, 0x000000071b800000|100%| E|CS|TAMS 0x000000071b600000, 0x000000071b600000| Complete 
| 182|0x000000071b800000, 0x000000071ba00000, 0x000000071ba00000|100%| E|CS|TAMS 0x000000071b800000, 0x000000071b800000| Complete 
| 183|0x000000071ba00000, 0x000000071bc00000, 0x000000071bc00000|100%| E|CS|TAMS 0x000000071ba00000, 0x000000071ba00000| Complete 
| 184|0x000000071bc00000, 0x000000071be00000, 0x000000071be00000|100%| E|CS|TAMS 0x000000071bc00000, 0x000000071bc00000| Complete 
| 185|0x000000071be00000, 0x000000071c000000, 0x000000071c000000|100%| E|CS|TAMS 0x000000071be00000, 0x000000071be00000| Complete 
| 186|0x000000071c000000, 0x000000071c200000, 0x000000071c200000|100%| E|CS|TAMS 0x000000071c000000, 0x000000071c000000| Complete 
| 187|0x000000071c200000, 0x000000071c400000, 0x000000071c400000|100%| E|CS|TAMS 0x000000071c200000, 0x000000071c200000| Complete 
| 188|0x000000071c400000, 0x000000071c600000, 0x000000071c600000|100%| E|CS|TAMS 0x000000071c400000, 0x000000071c400000| Complete 
| 189|0x000000071c600000, 0x000000071c800000, 0x000000071c800000|100%| E|CS|TAMS 0x000000071c600000, 0x000000071c600000| Complete 
| 190|0x000000071c800000, 0x000000071ca00000, 0x000000071ca00000|100%| E|CS|TAMS 0x000000071c800000, 0x000000071c800000| Complete 
| 191|0x000000071ca00000, 0x000000071cc00000, 0x000000071cc00000|100%| E|CS|TAMS 0x000000071ca00000, 0x000000071ca00000| Complete 
| 192|0x000000071cc00000, 0x000000071ce00000, 0x000000071ce00000|100%| E|CS|TAMS 0x000000071cc00000, 0x000000071cc00000| Complete 
| 193|0x000000071ce00000, 0x000000071d000000, 0x000000071d000000|100%| E|CS|TAMS 0x000000071ce00000, 0x000000071ce00000| Complete 
| 194|0x000000071d000000, 0x000000071d200000, 0x000000071d200000|100%| E|CS|TAMS 0x000000071d000000, 0x000000071d000000| Complete 
| 195|0x000000071d200000, 0x000000071d400000, 0x000000071d400000|100%| E|CS|TAMS 0x000000071d200000, 0x000000071d200000| Complete 
| 196|0x000000071d400000, 0x000000071d600000, 0x000000071d600000|100%| E|CS|TAMS 0x000000071d400000, 0x000000071d400000| Complete 
| 197|0x000000071d600000, 0x000000071d800000, 0x000000071d800000|100%| E|CS|TAMS 0x000000071d600000, 0x000000071d600000| Complete 
| 198|0x000000071d800000, 0x000000071da00000, 0x000000071da00000|100%| E|CS|TAMS 0x000000071d800000, 0x000000071d800000| Complete 
| 199|0x000000071da00000, 0x000000071dc00000, 0x000000071dc00000|100%| E|CS|TAMS 0x000000071da00000, 0x000000071da00000| Complete 
| 200|0x000000071dc00000, 0x000000071de00000, 0x000000071de00000|100%| E|CS|TAMS 0x000000071dc00000, 0x000000071dc00000| Complete 
| 201|0x000000071de00000, 0x000000071e000000, 0x000000071e000000|100%| E|CS|TAMS 0x000000071de00000, 0x000000071de00000| Complete 
| 202|0x000000071e000000, 0x000000071e200000, 0x000000071e200000|100%| E|CS|TAMS 0x000000071e000000, 0x000000071e000000| Complete 
| 203|0x000000071e200000, 0x000000071e400000, 0x000000071e400000|100%| E|CS|TAMS 0x000000071e200000, 0x000000071e200000| Complete 
| 204|0x000000071e400000, 0x000000071e600000, 0x000000071e600000|100%| E|CS|TAMS 0x000000071e400000, 0x000000071e400000| Complete 
| 205|0x000000071e600000, 0x000000071e800000, 0x000000071e800000|100%| E|CS|TAMS 0x000000071e600000, 0x000000071e600000| Complete 
| 206|0x000000071e800000, 0x000000071ea00000, 0x000000071ea00000|100%| E|CS|TAMS 0x000000071e800000, 0x000000071e800000| Complete 
| 207|0x000000071ea00000, 0x000000071ec00000, 0x000000071ec00000|100%| E|CS|TAMS 0x000000071ea00000, 0x000000071ea00000| Complete 
| 208|0x000000071ec00000, 0x000000071ee00000, 0x000000071ee00000|100%| E|CS|TAMS 0x000000071ec00000, 0x000000071ec00000| Complete 
| 209|0x000000071ee00000, 0x000000071f000000, 0x000000071f000000|100%| E|CS|TAMS 0x000000071ee00000, 0x000000071ee00000| Complete 
| 210|0x000000071f000000, 0x000000071f200000, 0x000000071f200000|100%| E|CS|TAMS 0x000000071f000000, 0x000000071f000000| Complete 
| 211|0x000000071f200000, 0x000000071f400000, 0x000000071f400000|100%| E|CS|TAMS 0x000000071f200000, 0x000000071f200000| Complete 
| 212|0x000000071f400000, 0x000000071f600000, 0x000000071f600000|100%| E|CS|TAMS 0x000000071f400000, 0x000000071f400000| Complete 
| 213|0x000000071f600000, 0x000000071f800000, 0x000000071f800000|100%| E|CS|TAMS 0x000000071f600000, 0x000000071f600000| Complete 
| 214|0x000000071f800000, 0x000000071fa00000, 0x000000071fa00000|100%| E|CS|TAMS 0x000000071f800000, 0x000000071f800000| Complete 
| 215|0x000000071fa00000, 0x000000071fc00000, 0x000000071fc00000|100%| E|CS|TAMS 0x000000071fa00000, 0x000000071fa00000| Complete 
| 216|0x000000071fc00000, 0x000000071fe00000, 0x000000071fe00000|100%| E|CS|TAMS 0x000000071fc00000, 0x000000071fc00000| Complete 
| 217|0x000000071fe00000, 0x0000000720000000, 0x0000000720000000|100%| E|CS|TAMS 0x000000071fe00000, 0x000000071fe00000| Complete 
| 218|0x0000000720000000, 0x0000000720200000, 0x0000000720200000|100%| E|CS|TAMS 0x0000000720000000, 0x0000000720000000| Complete 
| 219|0x0000000720200000, 0x0000000720400000, 0x0000000720400000|100%| E|CS|TAMS 0x0000000720200000, 0x0000000720200000| Complete 
| 220|0x0000000720400000, 0x0000000720600000, 0x0000000720600000|100%| E|CS|TAMS 0x0000000720400000, 0x0000000720400000| Complete 
| 221|0x0000000720600000, 0x0000000720800000, 0x0000000720800000|100%| E|CS|TAMS 0x0000000720600000, 0x0000000720600000| Complete 
| 222|0x0000000720800000, 0x0000000720a00000, 0x0000000720a00000|100%| E|CS|TAMS 0x0000000720800000, 0x0000000720800000| Complete 
| 223|0x0000000720a00000, 0x0000000720c00000, 0x0000000720c00000|100%| E|CS|TAMS 0x0000000720a00000, 0x0000000720a00000| Complete 
| 224|0x0000000720c00000, 0x0000000720e00000, 0x0000000720e00000|100%| E|CS|TAMS 0x0000000720c00000, 0x0000000720c00000| Complete 
| 225|0x0000000720e00000, 0x0000000721000000, 0x0000000721000000|100%| E|CS|TAMS 0x0000000720e00000, 0x0000000720e00000| Complete 
| 226|0x0000000721000000, 0x0000000721200000, 0x0000000721200000|100%| E|CS|TAMS 0x0000000721000000, 0x0000000721000000| Complete 
| 227|0x0000000721200000, 0x0000000721400000, 0x0000000721400000|100%| E|CS|TAMS 0x0000000721200000, 0x0000000721200000| Complete 
| 228|0x0000000721400000, 0x0000000721600000, 0x0000000721600000|100%| E|CS|TAMS 0x0000000721400000, 0x0000000721400000| Complete 
| 229|0x0000000721600000, 0x0000000721800000, 0x0000000721800000|100%| E|CS|TAMS 0x0000000721600000, 0x0000000721600000| Complete 
| 230|0x0000000721800000, 0x0000000721a00000, 0x0000000721a00000|100%| E|CS|TAMS 0x0000000721800000, 0x0000000721800000| Complete 
| 231|0x0000000721a00000, 0x0000000721c00000, 0x0000000721c00000|100%| E|CS|TAMS 0x0000000721a00000, 0x0000000721a00000| Complete 
| 232|0x0000000721c00000, 0x0000000721e00000, 0x0000000721e00000|100%| E|CS|TAMS 0x0000000721c00000, 0x0000000721c00000| Complete 
| 233|0x0000000721e00000, 0x0000000722000000, 0x0000000722000000|100%| E|CS|TAMS 0x0000000721e00000, 0x0000000721e00000| Complete 
| 234|0x0000000722000000, 0x0000000722200000, 0x0000000722200000|100%| E|CS|TAMS 0x0000000722000000, 0x0000000722000000| Complete 
| 235|0x0000000722200000, 0x0000000722400000, 0x0000000722400000|100%| E|CS|TAMS 0x0000000722200000, 0x0000000722200000| Complete 
| 236|0x0000000722400000, 0x0000000722600000, 0x0000000722600000|100%| E|CS|TAMS 0x0000000722400000, 0x0000000722400000| Complete 
| 237|0x0000000722600000, 0x0000000722800000, 0x0000000722800000|100%| E|CS|TAMS 0x0000000722600000, 0x0000000722600000| Complete 
| 238|0x0000000722800000, 0x0000000722a00000, 0x0000000722a00000|100%| E|CS|TAMS 0x0000000722800000, 0x0000000722800000| Complete 
| 239|0x0000000722a00000, 0x0000000722c00000, 0x0000000722c00000|100%| E|CS|TAMS 0x0000000722a00000, 0x0000000722a00000| Complete 
| 240|0x0000000722c00000, 0x0000000722e00000, 0x0000000722e00000|100%| E|CS|TAMS 0x0000000722c00000, 0x0000000722c00000| Complete 
| 241|0x0000000722e00000, 0x0000000723000000, 0x0000000723000000|100%| E|CS|TAMS 0x0000000722e00000, 0x0000000722e00000| Complete 
| 242|0x0000000723000000, 0x0000000723200000, 0x0000000723200000|100%| E|CS|TAMS 0x0000000723000000, 0x0000000723000000| Complete 
| 243|0x0000000723200000, 0x0000000723400000, 0x0000000723400000|100%| E|CS|TAMS 0x0000000723200000, 0x0000000723200000| Complete 
| 244|0x0000000723400000, 0x0000000723600000, 0x0000000723600000|100%| E|CS|TAMS 0x0000000723400000, 0x0000000723400000| Complete 
| 245|0x0000000723600000, 0x0000000723800000, 0x0000000723800000|100%| E|CS|TAMS 0x0000000723600000, 0x0000000723600000| Complete 
| 246|0x0000000723800000, 0x0000000723a00000, 0x0000000723a00000|100%| E|CS|TAMS 0x0000000723800000, 0x0000000723800000| Complete 
| 247|0x0000000723a00000, 0x0000000723c00000, 0x0000000723c00000|100%| E|CS|TAMS 0x0000000723a00000, 0x0000000723a00000| Complete 
| 248|0x0000000723c00000, 0x0000000723e00000, 0x0000000723e00000|100%| E|CS|TAMS 0x0000000723c00000, 0x0000000723c00000| Complete 
| 249|0x0000000723e00000, 0x0000000724000000, 0x0000000724000000|100%| E|CS|TAMS 0x0000000723e00000, 0x0000000723e00000| Complete 
| 250|0x0000000724000000, 0x0000000724200000, 0x0000000724200000|100%| E|CS|TAMS 0x0000000724000000, 0x0000000724000000| Complete 
| 251|0x0000000724200000, 0x0000000724400000, 0x0000000724400000|100%| E|CS|TAMS 0x0000000724200000, 0x0000000724200000| Complete 
| 252|0x0000000724400000, 0x0000000724600000, 0x0000000724600000|100%| E|CS|TAMS 0x0000000724400000, 0x0000000724400000| Complete 
| 253|0x0000000724600000, 0x0000000724800000, 0x0000000724800000|100%| E|CS|TAMS 0x0000000724600000, 0x0000000724600000| Complete 
| 254|0x0000000724800000, 0x0000000724a00000, 0x0000000724a00000|100%| E|CS|TAMS 0x0000000724800000, 0x0000000724800000| Complete 
| 255|0x0000000724a00000, 0x0000000724c00000, 0x0000000724c00000|100%| E|CS|TAMS 0x0000000724a00000, 0x0000000724a00000| Complete 
| 256|0x0000000724c00000, 0x0000000724e00000, 0x0000000724e00000|100%| E|CS|TAMS 0x0000000724c00000, 0x0000000724c00000| Complete 
| 257|0x0000000724e00000, 0x0000000725000000, 0x0000000725000000|100%| E|CS|TAMS 0x0000000724e00000, 0x0000000724e00000| Complete 
| 258|0x0000000725000000, 0x0000000725200000, 0x0000000725200000|100%| E|CS|TAMS 0x0000000725000000, 0x0000000725000000| Complete 
| 259|0x0000000725200000, 0x0000000725400000, 0x0000000725400000|100%| E|CS|TAMS 0x0000000725200000, 0x0000000725200000| Complete 
| 260|0x0000000725400000, 0x0000000725600000, 0x0000000725600000|100%| E|CS|TAMS 0x0000000725400000, 0x0000000725400000| Complete 
| 261|0x0000000725600000, 0x0000000725800000, 0x0000000725800000|100%| E|CS|TAMS 0x0000000725600000, 0x0000000725600000| Complete 
| 262|0x0000000725800000, 0x0000000725a00000, 0x0000000725a00000|100%| E|CS|TAMS 0x0000000725800000, 0x0000000725800000| Complete 
| 263|0x0000000725a00000, 0x0000000725c00000, 0x0000000725c00000|100%| E|CS|TAMS 0x0000000725a00000, 0x0000000725a00000| Complete 
| 264|0x0000000725c00000, 0x0000000725e00000, 0x0000000725e00000|100%| E|CS|TAMS 0x0000000725c00000, 0x0000000725c00000| Complete 
| 265|0x0000000725e00000, 0x0000000726000000, 0x0000000726000000|100%| E|CS|TAMS 0x0000000725e00000, 0x0000000725e00000| Complete 
| 266|0x0000000726000000, 0x0000000726200000, 0x0000000726200000|100%| E|CS|TAMS 0x0000000726000000, 0x0000000726000000| Complete 
| 267|0x0000000726200000, 0x0000000726400000, 0x0000000726400000|100%| E|CS|TAMS 0x0000000726200000, 0x0000000726200000| Complete 
| 268|0x0000000726400000, 0x0000000726600000, 0x0000000726600000|100%| E|CS|TAMS 0x0000000726400000, 0x0000000726400000| Complete 
| 269|0x0000000726600000, 0x0000000726800000, 0x0000000726800000|100%| E|CS|TAMS 0x0000000726600000, 0x0000000726600000| Complete 
| 270|0x0000000726800000, 0x0000000726a00000, 0x0000000726a00000|100%| E|CS|TAMS 0x0000000726800000, 0x0000000726800000| Complete 
| 271|0x0000000726a00000, 0x0000000726c00000, 0x0000000726c00000|100%| E|CS|TAMS 0x0000000726a00000, 0x0000000726a00000| Complete 
| 272|0x0000000726c00000, 0x0000000726e00000, 0x0000000726e00000|100%| E|CS|TAMS 0x0000000726c00000, 0x0000000726c00000| Complete 
| 273|0x0000000726e00000, 0x0000000727000000, 0x0000000727000000|100%| E|CS|TAMS 0x0000000726e00000, 0x0000000726e00000| Complete 
| 274|0x0000000727000000, 0x0000000727200000, 0x0000000727200000|100%| E|CS|TAMS 0x0000000727000000, 0x0000000727000000| Complete 
| 275|0x0000000727200000, 0x0000000727400000, 0x0000000727400000|100%| E|CS|TAMS 0x0000000727200000, 0x0000000727200000| Complete 
| 276|0x0000000727400000, 0x0000000727600000, 0x0000000727600000|100%| E|CS|TAMS 0x0000000727400000, 0x0000000727400000| Complete 
| 277|0x0000000727600000, 0x0000000727800000, 0x0000000727800000|100%| E|CS|TAMS 0x0000000727600000, 0x0000000727600000| Complete 
|2001|0x00000007fee00000, 0x00000007ff000000, 0x00000007ff000000|100%| O|  |TAMS 0x00000007fee00000, 0x00000007fee00000| Untracked 
|2002|0x00000007ff000000, 0x00000007ff200000, 0x00000007ff200000|100%| O|  |TAMS 0x00000007ff000000, 0x00000007ff000000| Untracked 
|2003|0x00000007ff200000, 0x00000007ff400000, 0x00000007ff400000|100%| O|  |TAMS 0x00000007ff200000, 0x00000007ff200000| Untracked 
|2004|0x00000007ff400000, 0x00000007ff600000, 0x00000007ff600000|100%| O|  |TAMS 0x00000007ff400000, 0x00000007ff400000| Untracked 
|2005|0x00000007ff600000, 0x00000007ff800000, 0x00000007ff800000|100%| O|  |TAMS 0x00000007ff600000, 0x00000007ff600000| Untracked 
|2006|0x00000007ff800000, 0x00000007ffa00000, 0x00000007ffa00000|100%| O|  |TAMS 0x00000007ff800000, 0x00000007ff800000| Untracked 
|2007|0x00000007ffa00000, 0x00000007ffc00000, 0x00000007ffc00000|100%| O|  |TAMS 0x00000007ffa00000, 0x00000007ffa00000| Untracked 
|2008|0x00000007ffc00000, 0x00000007ffe00000, 0x00000007ffe00000|100%| O|  |TAMS 0x00000007ffc00000, 0x00000007ffc00000| Untracked 
|2009|0x00000007ffe00000, 0x0000000800000000, 0x0000000800000000|100%| O|  |TAMS 0x00000007ffe00000, 0x00000007ffe00000| Untracked 

Card table byte_map: [0x000001a2d7030000,0x000001a2d7810000] _byte_map_base: 0x000001a2d380a000

Marking Bits (Prev, Next): (CMBitMap*) 0x000001a2cb795c40, (CMBitMap*) 0x000001a2cb795c80
 Prev Bits: [0x000001a2d7ff0000, 0x000001a2dbec0000)
 Next Bits: [0x000001a2dbec0000, 0x000001a2dfd90000)

Polling page: 0x000001a2caee0000

Metaspace:

Usage:
  Non-class:     88.36 MB used.
      Class:     13.35 MB used.
       Both:    101.71 MB used.

Virtual space:
  Non-class space:      128.00 MB reserved,      88.69 MB ( 69%) committed,  2 nodes.
      Class space:        1.00 GB reserved,      13.69 MB (  1%) committed,  1 nodes.
             Both:        1.12 GB reserved,     102.38 MB (  9%) committed. 

Chunk freelists:
   Non-Class:  7.16 MB
       Class:  2.36 MB
        Both:  9.52 MB

MaxMetaspaceSize: unlimited
CompressedClassSpaceSize: 1.00 GB
Initial GC threshold: 21.00 MB
Current GC threshold: 111.69 MB
CDS: on
MetaspaceReclaimPolicy: balanced
 - commit_granule_bytes: 65536.
 - commit_granule_words: 8192.
 - virtual_space_node_default_size: 8388608.
 - enlarge_chunks_in_place: 1.
 - new_chunks_are_fully_committed: 0.
 - uncommit_free_chunks: 1.
 - use_allocation_guard: 0.
 - handle_deallocations: 1.


Internal statistics:

num_allocs_failed_limit: 9.
num_arena_births: 956.
num_arena_deaths: 0.
num_vsnodes_births: 3.
num_vsnodes_deaths: 0.
num_space_committed: 1638.
num_space_uncommitted: 0.
num_chunks_returned_to_freelist: 9.
num_chunks_taken_from_freelist: 4667.
num_chunk_merges: 9.
num_chunk_splits: 3646.
num_chunks_enlarged: 3047.
num_inconsistent_stats: 0.

CodeCache: size=49152Kb used=21242Kb max_used=21242Kb free=27909Kb
 bounds [0x000001a2d2fd0000, 0x000001a2d4490000, 0x000001a2d5fd0000]
 total_blobs=11930 nmethods=11141 adapters=711
 compilation: enabled
              stopped_count=0, restarted_count=0
 full_count=0

Compilation events (20 events):
Event: 10.179 Thread 0x000001a2e319e900 nmethod 11132 0x000001a2d4489310 code [0x000001a2d44894e0, 0x000001a2d44897d8]
Event: 10.179 Thread 0x000001a2e31a8e70 nmethod 11125 0x000001a2d4489990 code [0x000001a2d4489da0, 0x000001a2d448b008]
Event: 10.333 Thread 0x000001a2e31a8e70 11134       1       org.hibernate.metamodel.model.domain.internal.JpaMetamodelImpl$$Lambda$1506/0x000001a281d963e8::accept (12 bytes)
Event: 10.333 Thread 0x000001a2e30b76a0 11135       1       org.hibernate.metamodel.model.domain.internal.JpaMetamodelImpl::lambda$processJpa$1 (109 bytes)
Event: 10.334 Thread 0x000001a2e31a8e70 nmethod 11134 0x000001a2d448ba10 code [0x000001a2d448bba0, 0x000001a2d448bce8]
Event: 10.334 Thread 0x000001a2e30b76a0 nmethod 11135 0x000001a2d448bd90 code [0x000001a2d448bfc0, 0x000001a2d448c4e8]
Event: 10.348 Thread 0x000001a2efacb010 11136       1       java.time.Instant::getEpochSecond (5 bytes)
Event: 10.348 Thread 0x000001a2efacb010 nmethod 11136 0x000001a2d448c810 code [0x000001a2d448c9a0, 0x000001a2d448ca78]
Event: 10.348 Thread 0x000001a2efacb010 11137       1       java.time.ZonedDateTime::getLong (79 bytes)
Event: 10.348 Thread 0x000001a2e31a8e70 11138       1       java.time.LocalDateTime::getLong (47 bytes)
Event: 10.348 Thread 0x000001a2e319e900 11139       1       java.time.temporal.ChronoField::isTimeBased (19 bytes)
Event: 10.348 Thread 0x000001a2e319e900 nmethod 11139 0x000001a2d448cb10 code [0x000001a2d448cca0, 0x000001a2d448cd78]
Event: 10.348 Thread 0x000001a2e31a8e70 nmethod 11138 0x000001a2d448ce10 code [0x000001a2d448cfe0, 0x000001a2d448d228]
Event: 10.348 Thread 0x000001a2efacb010 nmethod 11137 0x000001a2d448d390 code [0x000001a2d448d560, 0x000001a2d448d7e8]
Event: 10.348 Thread 0x000001a2e31a8e70 11140       1       java.time.format.DateTimePrintContext::getDecimalStyle (8 bytes)
Event: 10.348 Thread 0x000001a2e30b76a0 11141       1       java.time.format.DecimalStyle::convertNumberToI18N (60 bytes)
Event: 10.349 Thread 0x000001a2e31a8e70 nmethod 11140 0x000001a2d448d990 code [0x000001a2d448db20, 0x000001a2d448dbf8]
Event: 10.349 Thread 0x000001a2e30b76a0 nmethod 11141 0x000001a2d448dc90 code [0x000001a2d448de60, 0x000001a2d448e248]
Event: 10.356 Thread 0x000001a2efacb010 11142       1       java.util.LinkedList::node (65 bytes)
Event: 10.356 Thread 0x000001a2efacb010 nmethod 11142 0x000001a2d448e490 code [0x000001a2d448e620, 0x000001a2d448e778]

GC Heap History (20 events):
Event: 5.630 GC heap after
{Heap after GC invocations=25 (full 0):
 garbage-first heap   total 284672K, used 129283K [0x0000000704c00000, 0x0000000800000000)
  region size 2048K, 2 young (4096K), 2 survivors (4096K)
 Metaspace       used 82085K, committed 82688K, reserved 1179648K
  class space    used 10590K, committed 10880K, reserved 1048576K
}
Event: 5.802 GC heap before
{Heap before GC invocations=25 (full 0):
 garbage-first heap   total 284672K, used 227587K [0x0000000704c00000, 0x0000000800000000)
  region size 2048K, 50 young (102400K), 2 survivors (4096K)
 Metaspace       used 82881K, committed 83520K, reserved 1179648K
  class space    used 10698K, committed 11008K, reserved 1048576K
}
Event: 5.804 GC heap after
{Heap after GC invocations=26 (full 0):
 garbage-first heap   total 284672K, used 130650K [0x0000000704c00000, 0x0000000800000000)
  region size 2048K, 3 young (6144K), 3 survivors (6144K)
 Metaspace       used 82881K, committed 83520K, reserved 1179648K
  class space    used 10698K, committed 11008K, reserved 1048576K
}
Event: 5.973 GC heap before
{Heap before GC invocations=26 (full 0):
 garbage-first heap   total 284672K, used 231002K [0x0000000704c00000, 0x0000000800000000)
  region size 2048K, 52 young (106496K), 3 survivors (6144K)
 Metaspace       used 83722K, committed 84352K, reserved 1179648K
  class space    used 10810K, committed 11136K, reserved 1048576K
}
Event: 5.977 GC heap after
{Heap after GC invocations=27 (full 0):
 garbage-first heap   total 284672K, used 131892K [0x0000000704c00000, 0x0000000800000000)
  region size 2048K, 4 young (8192K), 4 survivors (8192K)
 Metaspace       used 83722K, committed 84352K, reserved 1179648K
  class space    used 10810K, committed 11136K, reserved 1048576K
}
Event: 6.156 GC heap before
{Heap before GC invocations=27 (full 0):
 garbage-first heap   total 284672K, used 234292K [0x0000000704c00000, 0x0000000800000000)
  region size 2048K, 54 young (110592K), 4 survivors (8192K)
 Metaspace       used 84597K, committed 85248K, reserved 1179648K
  class space    used 10938K, committed 11264K, reserved 1048576K
}
Event: 6.159 GC heap after
{Heap after GC invocations=28 (full 0):
 garbage-first heap   total 569344K, used 133489K [0x0000000704c00000, 0x0000000800000000)
  region size 2048K, 4 young (8192K), 4 survivors (8192K)
 Metaspace       used 84597K, committed 85248K, reserved 1179648K
  class space    used 10938K, committed 11264K, reserved 1048576K
}
Event: 6.767 GC heap before
{Heap before GC invocations=28 (full 0):
 garbage-first heap   total 569344K, used 465265K [0x0000000704c00000, 0x0000000800000000)
  region size 2048K, 166 young (339968K), 4 survivors (8192K)
 Metaspace       used 87348K, committed 88000K, reserved 1179648K
  class space    used 11315K, committed 11648K, reserved 1048576K
}
Event: 6.772 GC heap after
{Heap after GC invocations=29 (full 0):
 garbage-first heap   total 569344K, used 137920K [0x0000000704c00000, 0x0000000800000000)
  region size 2048K, 7 young (14336K), 7 survivors (14336K)
 Metaspace       used 87348K, committed 88000K, reserved 1179648K
  class space    used 11315K, committed 11648K, reserved 1048576K
}
Event: 7.327 GC heap before
{Heap before GC invocations=29 (full 0):
 garbage-first heap   total 569344K, used 463552K [0x0000000704c00000, 0x0000000800000000)
  region size 2048K, 166 young (339968K), 7 survivors (14336K)
 Metaspace       used 90094K, committed 90752K, reserved 1179648K
  class space    used 11697K, committed 12032K, reserved 1048576K
}
Event: 7.331 GC heap after
{Heap after GC invocations=30 (full 0):
 garbage-first heap   total 569344K, used 142228K [0x0000000704c00000, 0x0000000800000000)
  region size 2048K, 9 young (18432K), 9 survivors (18432K)
 Metaspace       used 90094K, committed 90752K, reserved 1179648K
  class space    used 11697K, committed 12032K, reserved 1048576K
}
Event: 7.853 GC heap before
{Heap before GC invocations=30 (full 0):
 garbage-first heap   total 569344K, used 463764K [0x0000000704c00000, 0x0000000800000000)
  region size 2048K, 166 young (339968K), 9 survivors (18432K)
 Metaspace       used 92791K, committed 93376K, reserved 1179648K
  class space    used 12072K, committed 12352K, reserved 1048576K
}
Event: 7.859 GC heap after
{Heap after GC invocations=31 (full 0):
 garbage-first heap   total 569344K, used 146006K [0x0000000704c00000, 0x0000000800000000)
  region size 2048K, 10 young (20480K), 10 survivors (20480K)
 Metaspace       used 92791K, committed 93376K, reserved 1179648K
  class space    used 12072K, committed 12352K, reserved 1048576K
}
Event: 8.374 GC heap before
{Heap before GC invocations=31 (full 0):
 garbage-first heap   total 569344K, used 465494K [0x0000000704c00000, 0x0000000800000000)
  region size 2048K, 166 young (339968K), 10 survivors (20480K)
 Metaspace       used 95415K, committed 96064K, reserved 1179648K
  class space    used 12431K, committed 12736K, reserved 1048576K
}
Event: 8.380 GC heap after
{Heap after GC invocations=32 (full 0):
 garbage-first heap   total 569344K, used 150102K [0x0000000704c00000, 0x0000000800000000)
  region size 2048K, 12 young (24576K), 12 survivors (24576K)
 Metaspace       used 95415K, committed 96064K, reserved 1179648K
  class space    used 12431K, committed 12736K, reserved 1048576K
}
Event: 8.879 GC heap before
{Heap before GC invocations=32 (full 0):
 garbage-first heap   total 569344K, used 465494K [0x0000000704c00000, 0x0000000800000000)
  region size 2048K, 166 young (339968K), 12 survivors (24576K)
 Metaspace       used 97996K, committed 98688K, reserved 1179648K
  class space    used 12784K, committed 13120K, reserved 1048576K
}
Event: 8.885 GC heap after
{Heap after GC invocations=33 (full 0):
 garbage-first heap   total 569344K, used 155168K [0x0000000704c00000, 0x0000000800000000)
  region size 2048K, 14 young (28672K), 14 survivors (28672K)
 Metaspace       used 97996K, committed 98688K, reserved 1179648K
  class space    used 12784K, committed 13120K, reserved 1048576K
}
Event: 9.561 GC heap before
{Heap before GC invocations=33 (full 0):
 garbage-first heap   total 569344K, used 466464K [0x0000000704c00000, 0x0000000800000000)
  region size 2048K, 166 young (339968K), 14 survivors (28672K)
 Metaspace       used 102407K, committed 103040K, reserved 1179648K
  class space    used 13387K, committed 13696K, reserved 1048576K
}
Event: 9.570 GC heap after
{Heap after GC invocations=34 (full 0):
 garbage-first heap   total 569344K, used 170686K [0x0000000704c00000, 0x0000000800000000)
  region size 2048K, 19 young (38912K), 19 survivors (38912K)
 Metaspace       used 102407K, committed 103040K, reserved 1179648K
  class space    used 13387K, committed 13696K, reserved 1048576K
}
Event: 10.356 GC heap before
{Heap before GC invocations=34 (full 0):
 garbage-first heap   total 569344K, used 471742K [0x0000000704c00000, 0x0000000800000000)
  region size 2048K, 166 young (339968K), 19 survivors (38912K)
 Metaspace       used 104154K, committed 104832K, reserved 1179648K
  class space    used 13672K, committed 14016K, reserved 1048576K
}

Deoptimization events (10 events):
Event: 0.640 Thread 0x000001a2cb7261c0 DEOPT PACKING pc=0x000001a2d346205c sp=0x0000006fc1bfe010
Event: 0.640 Thread 0x000001a2cb7261c0 DEOPT UNPACKING pc=0x000001a2d3022b43 sp=0x0000006fc1bfd540 mode 0
Event: 2.073 Thread 0x000001a2cb7261c0 DEOPT PACKING pc=0x000001a2d38d11ec sp=0x0000006fc1bfb110
Event: 2.073 Thread 0x000001a2cb7261c0 DEOPT UNPACKING pc=0x000001a2d3022b43 sp=0x0000006fc1bfa5d0 mode 0
Event: 2.372 Thread 0x000001a2cb7261c0 DEOPT PACKING pc=0x000001a2d349e909 sp=0x0000006fc1bfebb0
Event: 2.372 Thread 0x000001a2cb7261c0 DEOPT UNPACKING pc=0x000001a2d3022b43 sp=0x0000006fc1bfe040 mode 3
Event: 2.372 Thread 0x000001a2e3237500 DEOPT PACKING pc=0x000001a2d344c19f sp=0x0000006fc3cfecc0
Event: 2.372 Thread 0x000001a2e3237500 DEOPT UNPACKING pc=0x000001a2d3022b43 sp=0x0000006fc3cfe118 mode 3
Event: 3.603 Thread 0x000001a2cb7261c0 DEOPT PACKING pc=0x000001a2d3c057fc sp=0x0000006fc1bfd3e0
Event: 3.603 Thread 0x000001a2cb7261c0 DEOPT UNPACKING pc=0x000001a2d3022b43 sp=0x0000006fc1bfc8b0 mode 0

Classes unloaded (0 events):
No events

Classes redefined (0 events):
No events

Internal exceptions (20 events):
Event: 4.848 Thread 0x000001a2e3238430 Exception <a 'java/lang/reflect/InvocationTargetException'{0x0000000711b02770}> (0x0000000711b02770) 
thrown [s\open\src\hotspot\share\runtime\reflection.cpp, line 1121]
Event: 5.350 Thread 0x000001a2e3238430 Exception <a 'java/lang/reflect/InvocationTargetException'{0x0000000713c01b90}> (0x0000000713c01b90) 
thrown [s\open\src\hotspot\share\runtime\reflection.cpp, line 1121]
Event: 5.853 Thread 0x000001a2e3238430 Exception <a 'java/lang/reflect/InvocationTargetException'{0x0000000714502d40}> (0x0000000714502d40) 
thrown [s\open\src\hotspot\share\runtime\reflection.cpp, line 1121]
Event: 6.356 Thread 0x000001a2e3238430 Exception <a 'java/lang/reflect/InvocationTargetException'{0x0000000721102360}> (0x0000000721102360) 
thrown [s\open\src\hotspot\share\runtime\reflection.cpp, line 1121]
Event: 6.858 Thread 0x000001a2e3238430 Exception <a 'java/lang/reflect/InvocationTargetException'{0x0000000724001b90}> (0x0000000724001b90) 
thrown [s\open\src\hotspot\share\runtime\reflection.cpp, line 1121]
Event: 7.361 Thread 0x000001a2e3238430 Exception <a 'java/lang/reflect/InvocationTargetException'{0x0000000726401b90}> (0x0000000726401b90) 
thrown [s\open\src\hotspot\share\runtime\reflection.cpp, line 1121]
Event: 7.864 Thread 0x000001a2e3238430 Exception <a 'java/lang/reflect/InvocationTargetException'{0x0000000727401be8}> (0x0000000727401be8) 
thrown [s\open\src\hotspot\share\runtime\reflection.cpp, line 1121]
Event: 8.367 Thread 0x000001a2e3238430 Exception <a 'java/lang/reflect/InvocationTargetException'{0x0000000714205fc8}> (0x0000000714205fc8) 
thrown [s\open\src\hotspot\share\runtime\reflection.cpp, line 1121]
Event: 9.316 Thread 0x000001a2cb7261c0 Exception <a 'java/lang/NoSuchMethodError'{0x0000000717f1def0}: 'void java.lang.invoke.DirectMethodHandle$Holder.invokeSpecial(java.lang.Object, java.lang.Object, java.lang.Object, java.lang.Object, java.lang.Object, int, java.lang.Object, java.lang.Object)'> (0x0000000717f1def0) 
thrown [s\open\src\hotspot\share\interpreter\linkResolver.cpp, line 759]
Event: 9.316 Thread 0x000001a2cb7261c0 Exception <a 'java/lang/NoSuchMethodError'{0x0000000717f39200}: 'void java.lang.invoke.DirectMethodHandle$Holder.invokeStaticInit(java.lang.Object, int, java.lang.Object, java.lang.Object, java.lang.Object, java.lang.Object)'> (0x0000000717f39200) 
thrown [s\open\src\hotspot\share\interpreter\linkResolver.cpp, line 759]
Event: 9.354 Thread 0x000001a2cb7261c0 Exception <a 'java/lang/NoSuchMethodError'{0x0000000717ba13a8}: 'int java.lang.invoke.DirectMethodHandle$Holder.invokeStatic(java.lang.Object, java.lang.Object, java.lang.Object, java.lang.Object, java.lang.Object, java.lang.Object)'> (0x0000000717ba13a8) 
thrown [s\open\src\hotspot\share\interpreter\linkResolver.cpp, line 759]
Event: 9.355 Thread 0x000001a2cb7261c0 Exception <a 'java/lang/NoSuchMethodError'{0x0000000717bb8080}: 'int java.lang.invoke.DirectMethodHandle$Holder.invokeStatic(java.lang.Object, java.lang.Object, java.lang.Object, java.lang.Object, java.lang.Object)'> (0x0000000717bb8080) 
thrown [s\open\src\hotspot\share\interpreter\linkResolver.cpp, line 759]
Event: 9.464 Thread 0x000001a2cb7261c0 Exception <a 'java/lang/NoSuchMethodError'{0x000000071531e2f0}: 'void java.lang.invoke.DirectMethodHandle$Holder.invokeInterface(java.lang.Object, java.lang.Object, int, java.lang.Object)'> (0x000000071531e2f0) 
thrown [s\open\src\hotspot\share\interpreter\linkResolver.cpp, line 759]
Event: 9.468 Thread 0x000001a2cb7261c0 Exception <a 'java/lang/NoSuchMethodError'{0x0000000715353600}: 'java.lang.Object java.lang.invoke.DirectMethodHandle$Holder.newInvokeSpecial(java.lang.Object, java.lang.Object, int, java.lang.Object)'> (0x0000000715353600) 
thrown [s\open\src\hotspot\share\interpreter\linkResolver.cpp, line 759]
Event: 9.506 Thread 0x000001a2cb7261c0 Exception <a 'java/lang/NoSuchMethodError'{0x0000000714e1cff0}: 'java.lang.Object java.lang.invoke.DirectMethodHandle$Holder.newInvokeSpecial(java.lang.Object, java.lang.Object, java.lang.Object, java.lang.Object, java.lang.Object, java.lang.Object, java.lang.Object, java.lang.Object, java.lang.Object, java.lang.Object, java.lang.Object, java.lang.Object)'> (0x0000000714e1cff0) 
thrown [s\open\src\hotspot\share\interpreter\linkResolver.cpp, line 759]
Event: 9.506 Thread 0x000001a2cb7261c0 Exception <a 'java/lang/NoSuchMethodError'{0x0000000714e21a88}: 'java.lang.Object java.lang.invoke.DirectMethodHandle$Holder.invokeSpecial(java.lang.Object, java.lang.Object, java.lang.Object, java.lang.Object, java.lang.Object, java.lang.Object, java.lang.Object, java.lang.Object, java.lang.Object, java.lang.Object, java.lang.Object, java.lang.Object, java.lang.Object)'> (0x0000000714e21a88) 
thrown [s\open\src\hotspot\share\interpreter\linkResolver.cpp, line 759]
Event: 9.506 Thread 0x000001a2cb7261c0 Exception <a 'java/lang/NoSuchMethodError'{0x0000000714e261a0}: 'java.lang.Object java.lang.invoke.Invokers$Holder.linkToTargetMethod(java.lang.Object, java.lang.Object, java.lang.Object, java.lang.Object, java.lang.Object, java.lang.Object, java.lang.Object, java.lang.Object, java.lang.Object, java.lang.Object, java.lang.Object, java.lang.Object)'> (0x0000000714e261a0) 
thrown [s\open\src\hotspot\share\interpreter\linkResolver.cpp, line 759]
Event: 9.597 Thread 0x000001a2cb7261c0 Exception <a 'java/lang/IncompatibleClassChangeError'{0x0000000726fbc2e0}: Found class java.lang.Object, but interface was expected> (0x0000000726fbc2e0) 
thrown [s\open\src\hotspot\share\interpreter\linkResolver.cpp, line 826]
Event: 9.669 Thread 0x000001a2cb7261c0 Exception <a 'java/lang/IncompatibleClassChangeError'{0x000000072440e6f0}: Found class java.lang.Object, but interface was expected> (0x000000072440e6f0) 
thrown [s\open\src\hotspot\share\interpreter\linkResolver.cpp, line 826]
Event: 9.698 Thread 0x000001a2cb7261c0 Exception <a 'java/lang/NoSuchMethodError'{0x00000007245b9e50}: 'java.lang.Object java.lang.invoke.DirectMethodHandle$Holder.newInvokeSpecial(java.lang.Object, java.lang.Object, int, java.lang.Object, int, java.lang.Object, java.lang.Object)'> (0x00000007245b9e50) 
thrown [s\open\src\hotspot\share\interpreter\linkResolver.cpp, line 759]

VM Operations (20 events):
Event: 9.493 Executing VM operation: HandshakeAllThreads done
Event: 9.556 Executing VM operation: ICBufferFull
Event: 9.556 Executing VM operation: ICBufferFull done
Event: 9.561 Executing VM operation: G1CollectForAllocation
Event: 9.570 Executing VM operation: G1CollectForAllocation done
Event: 9.667 Executing VM operation: HandshakeAllThreads
Event: 9.667 Executing VM operation: HandshakeAllThreads done
Event: 9.680 Executing VM operation: HandshakeAllThreads
Event: 9.680 Executing VM operation: HandshakeAllThreads done
Event: 9.703 Executing VM operation: HandshakeAllThreads
Event: 9.703 Executing VM operation: HandshakeAllThreads done
Event: 9.720 Executing VM operation: HandshakeAllThreads
Event: 9.720 Executing VM operation: HandshakeAllThreads done
Event: 9.722 Executing VM operation: HandshakeAllThreads
Event: 9.722 Executing VM operation: HandshakeAllThreads done
Event: 9.758 Executing VM operation: ICBufferFull
Event: 9.758 Executing VM operation: ICBufferFull done
Event: 9.984 Executing VM operation: HandshakeAllThreads
Event: 9.984 Executing VM operation: HandshakeAllThreads done
Event: 10.356 Executing VM operation: G1CollectForAllocation

Events (20 events):
Event: 5.053 loading class java/lang/reflect/AnnotatedArrayType
Event: 5.053 loading class java/lang/reflect/AnnotatedArrayType done
Event: 5.229 loading class sun/reflect/generics/tree/DoubleSignature
Event: 5.229 loading class sun/reflect/generics/tree/DoubleSignature done
Event: 7.361 Thread 0x000001a2e82f5250 Thread exited: 0x000001a2e82f5250
Event: 7.619 loading class java/time/Clock$TickClock
Event: 7.619 loading class java/time/Clock$TickClock done
Event: 8.087 Thread 0x000001a2e82f4440 Thread exited: 0x000001a2e82f4440
Event: 8.326 Thread 0x000001a2e97dd750 Thread exited: 0x000001a2e97dd750
Event: 9.319 Thread 0x000001a2e31b8a30 Thread exited: 0x000001a2e31b8a30
Event: 9.320 Thread 0x000001a2e31a8e70 Thread exited: 0x000001a2e31a8e70
Event: 9.323 Thread 0x000001a2e31a8e70 Thread added: 0x000001a2e31a8e70
Event: 9.323 Thread 0x000001a2e31b8a30 Thread added: 0x000001a2e31b8a30
Event: 9.342 loading class jdk/internal/reflect/UnsafeObjectFieldAccessorImpl
Event: 9.342 loading class jdk/internal/reflect/UnsafeObjectFieldAccessorImpl done
Event: 10.011 loading class java/lang/invoke/MethodHandleImpl$CountingWrapper$1
Event: 10.012 loading class java/lang/invoke/MethodHandleImpl$CountingWrapper$1 done
Event: 10.100 Thread 0x000001a2efacb010 Thread added: 0x000001a2efacb010
Event: 10.349 loading class javax/naming/Reference
Event: 10.350 loading class javax/naming/Reference done


Dynamic libraries:
0x00007ff7c41e0000 - 0x00007ff7c41f0000 	C:\Program Files\Java\jdk-17\bin\javaw.exe
0x00007ffa7a4f0000 - 0x00007ffa7a707000 	C:\Windows\SYSTEM32\ntdll.dll
0x00007ffa78df0000 - 0x00007ffa78eb4000 	C:\Windows\System32\KERNEL32.DLL
0x00007ffa77930000 - 0x00007ffa77cdd000 	C:\Windows\System32\KERNELBASE.dll
0x00007ffa77d10000 - 0x00007ffa77e21000 	C:\Windows\System32\ucrtbase.dll
0x00007ffa6f090000 - 0x00007ffa6f0ab000 	C:\Program Files\Java\jdk-17\bin\VCRUNTIME140.dll
0x00007ffa6ed40000 - 0x00007ffa6ed59000 	C:\Program Files\Java\jdk-17\bin\jli.dll
0x00007ffa79400000 - 0x00007ffa794b2000 	C:\Windows\System32\ADVAPI32.dll
0x00007ffa792a0000 - 0x00007ffa79347000 	C:\Windows\System32\msvcrt.dll
0x00007ffa79350000 - 0x00007ffa793f9000 	C:\Windows\System32\sechost.dll
0x00007ffa77ce0000 - 0x00007ffa77d08000 	C:\Windows\System32\bcrypt.dll
0x00007ffa78ec0000 - 0x00007ffa78fd4000 	C:\Windows\System32\RPCRT4.dll
0x00007ffa782b0000 - 0x00007ffa7845e000 	C:\Windows\System32\USER32.dll
0x00007ffa78200000 - 0x00007ffa78226000 	C:\Windows\System32\win32u.dll
0x00007ffa794c0000 - 0x00007ffa794e9000 	C:\Windows\System32\GDI32.dll
0x00007ffa78020000 - 0x00007ffa78139000 	C:\Windows\System32\gdi32full.dll
0x00007ffa5ca20000 - 0x00007ffa5ccb3000 	C:\Windows\WinSxS\amd64_microsoft.windows.common-controls_6595b64144ccf1df_6.0.22621.3672_none_2713b9d173822955\COMCTL32.dll
0x00007ffa77820000 - 0x00007ffa778ba000 	C:\Windows\System32\msvcp_win.dll
0x00007ffa6f560000 - 0x00007ffa6f56a000 	C:\Windows\SYSTEM32\VERSION.dll
0x00007ffa78c20000 - 0x00007ffa78c51000 	C:\Windows\System32\IMM32.DLL
0x00007ffa719a0000 - 0x00007ffa719ac000 	C:\Program Files\Java\jdk-17\bin\vcruntime140_1.dll
0x00007ffa5f740000 - 0x00007ffa5f7ce000 	C:\Program Files\Java\jdk-17\bin\msvcp140.dll
0x00007ff9e8ed0000 - 0x00007ff9e9ab0000 	C:\Program Files\Java\jdk-17\bin\server\jvm.dll
0x00007ffa78bb0000 - 0x00007ffa78bb8000 	C:\Windows\System32\PSAPI.DLL
0x00007ffa6ee80000 - 0x00007ffa6eeb4000 	C:\Windows\SYSTEM32\WINMM.dll
0x00007ffa60c50000 - 0x00007ffa60c59000 	C:\Windows\SYSTEM32\WSOCK32.dll
0x00007ffa79ad0000 - 0x00007ffa79b41000 	C:\Windows\System32\WS2_32.dll
0x00007ffa76880000 - 0x00007ffa76898000 	C:\Windows\SYSTEM32\kernel.appcore.dll
0x00007ffa6f680000 - 0x00007ffa6f68a000 	C:\Program Files\Java\jdk-17\bin\jimage.dll
0x00007ffa74ff0000 - 0x00007ffa75222000 	C:\Windows\SYSTEM32\DBGHELP.DLL
0x00007ffa78520000 - 0x00007ffa788a8000 	C:\Windows\System32\combase.dll
0x00007ffa78cb0000 - 0x00007ffa78d87000 	C:\Windows\System32\OLEAUT32.dll
0x00007ffa51930000 - 0x00007ffa51962000 	C:\Windows\SYSTEM32\dbgcore.DLL
0x00007ffa77e30000 - 0x00007ffa77eab000 	C:\Windows\System32\bcryptPrimitives.dll
0x00007ffa5fea0000 - 0x00007ffa5fec5000 	C:\Program Files\Java\jdk-17\bin\java.dll
0x00007ffa5f540000 - 0x00007ffa5f617000 	C:\Program Files\Java\jdk-17\bin\jsvml.dll
0x00007ffa79b50000 - 0x00007ffa7a3af000 	C:\Windows\System32\SHELL32.dll
0x00007ffa75720000 - 0x00007ffa7601c000 	C:\Windows\SYSTEM32\windows.storage.dll
0x00007ffa755e0000 - 0x00007ffa7571f000 	C:\Windows\SYSTEM32\wintypes.dll
0x00007ffa7a3b0000 - 0x00007ffa7a4a4000 	C:\Windows\System32\SHCORE.dll
0x00007ffa78bc0000 - 0x00007ffa78c1e000 	C:\Windows\System32\shlwapi.dll
0x00007ffa77750000 - 0x00007ffa77771000 	C:\Windows\SYSTEM32\profapi.dll
0x00007ffa6eae0000 - 0x00007ffa6eaf9000 	C:\Program Files\Java\jdk-17\bin\net.dll
0x00007ffa72ed0000 - 0x00007ffa73006000 	C:\Windows\SYSTEM32\WINHTTP.dll
0x00007ffa76d60000 - 0x00007ffa76dc9000 	C:\Windows\system32\mswsock.dll
0x00007ffa6da80000 - 0x00007ffa6da96000 	C:\Program Files\Java\jdk-17\bin\nio.dll
0x00007ffa62b70000 - 0x00007ffa62b88000 	C:\Program Files\Java\jdk-17\bin\zip.dll
0x00007ffa762a0000 - 0x00007ffa76398000 	C:\Windows\SYSTEM32\DNSAPI.dll
0x00007ffa76270000 - 0x00007ffa7629d000 	C:\Windows\SYSTEM32\IPHLPAPI.DLL
0x00007ffa78910000 - 0x00007ffa78919000 	C:\Windows\System32\NSI.dll
0x00007ffa6f570000 - 0x00007ffa6f57a000 	C:\Windows\System32\rasadhlp.dll
0x00007ffa70e80000 - 0x00007ffa70f03000 	C:\Windows\System32\fwpuclnt.dll
0x00007ffa6f000000 - 0x00007ffa6f00a000 	C:\Program Files\Java\jdk-17\bin\management.dll
0x00007ffa6eec0000 - 0x00007ffa6eecb000 	C:\Program Files\Java\jdk-17\bin\management_ext.dll
0x00007ffa770b0000 - 0x00007ffa770cb000 	C:\Windows\SYSTEM32\CRYPTSP.dll
0x00007ffa767e0000 - 0x00007ffa76815000 	C:\Windows\system32\rsaenh.dll
0x00007ffa76e00000 - 0x00007ffa76e28000 	C:\Windows\SYSTEM32\USERENV.dll
0x00007ffa77090000 - 0x00007ffa7709c000 	C:\Windows\SYSTEM32\CRYPTBASE.dll
0x00007ffa72c90000 - 0x00007ffa72ca9000 	C:\Windows\SYSTEM32\dhcpcsvc6.DLL
0x00007ffa727e0000 - 0x00007ffa727ff000 	C:\Windows\SYSTEM32\dhcpcsvc.DLL
0x00007ffa2d2d0000 - 0x00007ffa2d2e7000 	C:\Windows\system32\napinsp.dll
0x00007ffa2d2b0000 - 0x00007ffa2d2cb000 	C:\Windows\system32\pnrpnsp.dll
0x00007ffa2d290000 - 0x00007ffa2d2a1000 	C:\Windows\System32\winrnr.dll
0x00007ffa6f300000 - 0x00007ffa6f315000 	C:\Windows\system32\wshbth.dll
0x00007ffa2d260000 - 0x00007ffa2d287000 	C:\Windows\system32\nlansp_c.dll
0x00007ffa62c70000 - 0x00007ffa62c7e000 	C:\Program Files\Java\jdk-17\bin\sunmscapi.dll
0x00007ffa77eb0000 - 0x00007ffa78017000 	C:\Windows\System32\CRYPT32.dll
0x00007ffa771b0000 - 0x00007ffa771de000 	C:\Windows\SYSTEM32\ncrypt.dll
0x00007ffa77170000 - 0x00007ffa771a7000 	C:\Windows\SYSTEM32\NTASN1.dll

dbghelp: loaded successfully - version: 4.0.5 - missing functions: none
symbol engine: initialized successfully - sym options: 0x614 - pdb path: .;C:\Program Files\Java\jdk-17\bin;C:\Windows\SYSTEM32;C:\Windows\WinSxS\amd64_microsoft.windows.common-controls_6595b64144ccf1df_6.0.22621.3672_none_2713b9d173822955;C:\Program Files\Java\jdk-17\bin\server

VM Arguments:
jvm_args: -Dfile.encoding-UTF8 -Dspring.jmx.enabled=true -Dmanagement.endpoints.jmx.exposure.include=* -Dspring.application.admin.enabled=true -Dspring.output.ansi.enabled=always -XX:TieredStopAtLevel=1 -Dspring.boot.project.name=asm_gstn_return_db_store6_pre3 -Dfile.encoding=UTF-8 -Dstdout.encoding=UTF-8 -Dstderr.encoding=UTF-8 -XX:+ShowCodeDetailsInExceptionMessages 
java_command: com.deloitte.AsmEwayBillApplication
java_class_path (initial): D:\Project\workspace\workspace280126\asm_gstn_return_db_store6_pre3\target\classes;C:\Users\AIO16\.m2\repository\org\springframework\boot\spring-boot-starter-data-jpa\4.0.3\spring-boot-starter-data-jpa-4.0.3.jar;C:\Users\AIO16\.m2\repository\org\springframework\boot\spring-boot-starter\4.0.3\spring-boot-starter-4.0.3.jar;C:\Users\AIO16\.m2\repository\org\springframework\boot\spring-boot-starter-logging\4.0.3\spring-boot-starter-logging-4.0.3.jar;C:\Users\AIO16\.m2\repository\ch\qos\logback\logback-classic\1.5.32\logback-classic-1.5.32.jar;C:\Users\AIO16\.m2\repository\ch\qos\logback\logback-core\1.5.32\logback-core-1.5.32.jar;C:\Users\AIO16\.m2\repository\org\apache\logging\log4j\log4j-to-slf4j\2.25.3\log4j-to-slf4j-2.25.3.jar;C:\Users\AIO16\.m2\repository\org\slf4j\jul-to-slf4j\2.0.17\jul-to-slf4j-2.0.17.jar;C:\Users\AIO16\.m2\repository\org\springframework\boot\spring-boot-autoconfigure\4.0.3\spring-boot-autoconfigure-4.0.3.jar;C:\Users\AIO16\.m2\repository\jakarta\annotation\jakarta.annotation-api\3.0.0\jakarta.annotation-api-3.0.0.jar;C:\Users\AIO16\.m2\repository\org\yaml\snakeyaml\2.5\snakeyaml-2.5.jar;C:\Users\AIO16\.m2\repository\org\springframework\boot\spring-boot-starter-jdbc\4.0.3\spring-boot-starter-jdbc-4.0.3.jar;C:\Users\AIO16\.m2\repository\com\zaxxer\HikariCP\7.0.2\HikariCP-7.0.2.jar;C:\Users\AIO16\.m2\repository\org\springframework\boot\spring-boot-data-jpa\4.0.3\spring-boot-data-jpa-4.0.3.jar;C:\Users\AIO16\.m2\repository\org\springframework\boot\spring-boot-data-commons\4.0.3\spring-boot-data-commons-4.0.3.jar;C:\Users\AIO16\.m2\repository\org\springframework\boot\spring-boot-persistence\4.0.3\spring-boot-persistence-4.0.3.jar;C:\Users\AIO16\.m2\repository\org\springframework\data\spring-data-commons\4.0.3\spring-data-commons-4.0.3.jar;C:\Users\AIO16\.m2\repository\org\springframework\boot\spring-boot-hibernate\4.0.3\spring-boot-hibernate-4.0.3.jar;C:\Users\AIO16\.m2\repository\org\springframework\boot\spring-boot-jpa
Launcher Type: SUN_STANDARD

[Global flags]
     intx CICompilerCount                          = 12                                        {product} {ergonomic}
     uint ConcGCThreads                            = 4                                         {product} {ergonomic}
     uint G1ConcRefinementThreads                  = 15                                        {product} {ergonomic}
   size_t G1HeapRegionSize                         = 2097152                                   {product} {ergonomic}
    uintx GCDrainStackTargetSize                   = 64                                        {product} {ergonomic}
   size_t InitialHeapSize                          = 264241152                                 {product} {ergonomic}
   size_t MarkStackSize                            = 4194304                                   {product} {ergonomic}
   size_t MaxHeapSize                              = 4215275520                                {product} {ergonomic}
   size_t MaxNewSize                               = 2529165312                                {product} {ergonomic}
   size_t MinHeapDeltaBytes                        = 2097152                                   {product} {ergonomic}
   size_t MinHeapSize                              = 8388608                                   {product} {ergonomic}
    uintx NonProfiledCodeHeapSize                  = 0                                      {pd product} {ergonomic}
     bool ProfileInterpreter                       = false                                  {pd product} {command line}
    uintx ProfiledCodeHeapSize                     = 0                                      {pd product} {ergonomic}
     bool ShowCodeDetailsInExceptionMessages       = true                                   {manageable} {command line}
   size_t SoftMaxHeapSize                          = 4215275520                             {manageable} {ergonomic}
     intx TieredStopAtLevel                        = 1                                         {product} {command line}
     bool UseCompressedClassPointers               = true                           {product lp64_product} {ergonomic}
     bool UseCompressedOops                        = true                           {product lp64_product} {ergonomic}
     bool UseG1GC                                  = true                                      {product} {ergonomic}
     bool UseLargePagesIndividualAllocation        = false                                  {pd product} {ergonomic}

Logging:
Log output configuration:
 #0: stdout all=warning uptime,level,tags
 #1: stderr all=off uptime,level,tags

Environment Variables:
JAVA_HOME=C:\Program Files\Java\jdk1.8.0_202
JAVA_TOOL_OPTIONS=-Dfile.encoding-UTF8
PATH=D:/Project/sts-5.0.1.RELEASE//plugins/org.eclipse.justj.openjdk.hotspot.jre.full.win32.x86_64_25.0.1.v20251108-1451/jre/bin/server;D:/Project/sts-5.0.1.RELEASE//plugins/org.eclipse.justj.openjdk.hotspot.jre.full.win32.x86_64_25.0.1.v20251108-1451/jre/bin;C:\Program Files\Apache\Maven\apache-maven-3.9.14\bin;C:\Program Files\Java\jdk-17;C:\Program Files\Common Files\Oracle\Java\javapath;C:\Program Files (x86)\Common Files\Oracle\Java\java8path;C:\Program Files (x86)\Common Files\Oracle\Java\javapath;C:\Windows\system32;C:\Windows;C:\Windows\System32\Wbem;C:\Windows\System32\WindowsPowerShell\v1.0\;C:\Windows\System32\OpenSSH\;C:\Program Files\dotnet\;C:\Program Files\Git\cmd;C:\Program Files\nodejs\;C:\Users\AIO16\AppData\Local\Microsoft\WindowsApps;C:\Users\AIO16\AppData\Local\Programs\Microsoft VS Code\bin;C:\Users\AIO16\AppData\Local\GitHubDesktop\bin;C:\Users\AIO16\AppData\Roaming\npm;C:\Users\AIO16\AppData\Local\Programs\cursor\resources\app\bin;C:\Users\AIO16\AppData\Local\Programs\Antigravity IDE\bin;D:\Project\sts-5.0.1.RELEASE;
USERNAME=AIO16
OS=Windows_NT
PROCESSOR_IDENTIFIER=Intel64 Family 6 Model 191 Stepping 2, GenuineIntel



---------------  S Y S T E M  ---------------

OS:
 Windows 11 , 64 bit Build 22621 (10.0.22621.3672)
OS uptime: 1 days 23:12 hours
Hyper-V role detected

CPU: total 20 (initial active 20) (10 cores per cpu, 2 threads per core) family 6 model 191 stepping 2 microcode 0x3e, cx8, cmov, fxsr, ht, mmx, 3dnowpref, sse, sse2, sse3, ssse3, sse4.1, sse4.2, popcnt, lzcnt, tsc, tscinvbit, avx, avx2, aes, erms, clmul, bmi1, bmi2, adx, sha, fma, vzeroupper, clflush, clflushopt, clwb, hv

Memory: 4k page, system-wide physical 16072M (559M free)
TotalPageFile size 32456M (AvailPageFile size 6M)
current process WorkingSet (physical memory assigned to process): 786M, peak: 786M
current process commit charge ("private bytes"): 859M, peak: 861M

vm_info: Java HotSpot(TM) 64-Bit Server VM (17.0.12+8-LTS-286) for windows-amd64 JRE (17.0.12+8-LTS-286), built on Jun  5 2024 06:46:59 by "mach5one" with MS VC++ 17.6 (VS2022)

END.
